Archive member included because of file (symbol)

.\CortexM0\ARM_GCC_493\Debug\Senior_Design.a(cyfitter_cfg.o)
                              .\CortexM0\ARM_GCC_493\Debug\Cm0Start.o (cyfitter_cfg)
.\CortexM0\ARM_GCC_493\Debug\Senior_Design.a(Pin_1.o)
                              .\CortexM0\ARM_GCC_493\Debug\main.o (Pin_1_Write)
.\CortexM0\ARM_GCC_493\Debug\Senior_Design.a(Pin_2.o)
                              .\CortexM0\ARM_GCC_493\Debug\main.o (Pin_2_Write)
.\CortexM0\ARM_GCC_493\Debug\Senior_Design.a(Pin_3.o)
                              .\CortexM0\ARM_GCC_493\Debug\main.o (Pin_3_Write)
.\CortexM0\ARM_GCC_493\Debug\Senior_Design.a(UART_1.o)
                              .\CortexM0\ARM_GCC_493\Debug\main.o (UART_1_Start)
.\CortexM0\ARM_GCC_493\Debug\Senior_Design.a(UART_1_SPI_UART.o)
                              .\CortexM0\ARM_GCC_493\Debug\main.o (UART_1_SpiUartWriteTxData)
.\CortexM0\ARM_GCC_493\Debug\Senior_Design.a(UART_1_UART.o)
                              .\CortexM0\ARM_GCC_493\Debug\Senior_Design.a(UART_1.o) (UART_1_UartInit)
.\CortexM0\ARM_GCC_493\Debug\Senior_Design.a(CyLib.o)
                              .\CortexM0\ARM_GCC_493\Debug\Senior_Design.a(cyfitter_cfg.o) (CyIntEnable)
.\CortexM0\ARM_GCC_493\Debug\Senior_Design.a(CyLFClk.o)
                              .\CortexM0\ARM_GCC_493\Debug\Senior_Design.a(cyfitter_cfg.o) (CySysWdtIsr)
.\CortexM0\ARM_GCC_493\Debug\Senior_Design.a(Timer_ms.o)
                              .\CortexM0\ARM_GCC_493\Debug\main.o (Timer_ms_Start)
.\CortexM0\ARM_GCC_493\Debug\Senior_Design.a(isr_ms.o)
                              .\CortexM0\ARM_GCC_493\Debug\main.o (isr_ms_StartEx)
.\CortexM0\ARM_GCC_493\Debug\Senior_Design.a(Pin_4.o)
                              .\CortexM0\ARM_GCC_493\Debug\main.o (Pin_4_Write)
.\CortexM0\ARM_GCC_493\Debug\Senior_Design.a(Pin_5.o)
                              .\CortexM0\ARM_GCC_493\Debug\main.o (Pin_5_Write)
.\CortexM0\ARM_GCC_493\Debug\Senior_Design.a(Pin_6.o)
                              .\CortexM0\ARM_GCC_493\Debug\main.o (Pin_6_Write)
.\CortexM0\ARM_GCC_493\Debug\Senior_Design.a(Pin_7.o)
                              .\CortexM0\ARM_GCC_493\Debug\main.o (Pin_7_Write)
.\CortexM0\ARM_GCC_493\Debug\Senior_Design.a(Pin_8.o)
                              .\CortexM0\ARM_GCC_493\Debug\main.o (Pin_8_Write)
.\CortexM0\ARM_GCC_493\Debug\Senior_Design.a(Pin_9.o)
                              .\CortexM0\ARM_GCC_493\Debug\main.o (Pin_9_Write)
.\CortexM0\ARM_GCC_493\Debug\Senior_Design.a(Pin_10.o)
                              .\CortexM0\ARM_GCC_493\Debug\main.o (Pin_10_Write)
.\CortexM0\ARM_GCC_493\Debug\Senior_Design.a(Pin_11.o)
                              .\CortexM0\ARM_GCC_493\Debug\main.o (Pin_11_Write)
.\CortexM0\ARM_GCC_493\Debug\Senior_Design.a(Pin_12.o)
                              .\CortexM0\ARM_GCC_493\Debug\main.o (Pin_12_Write)
.\CortexM0\ARM_GCC_493\Debug\Senior_Design.a(Pin_13.o)
                              .\CortexM0\ARM_GCC_493\Debug\main.o (Pin_13_Write)
.\CortexM0\ARM_GCC_493\Debug\Senior_Design.a(Pin_14.o)
                              .\CortexM0\ARM_GCC_493\Debug\main.o (Pin_14_Write)
.\CortexM0\ARM_GCC_493\Debug\Senior_Design.a(Pin_15.o)
                              .\CortexM0\ARM_GCC_493\Debug\main.o (Pin_15_Write)
.\CortexM0\ARM_GCC_493\Debug\Senior_Design.a(Pin_16.o)
                              .\CortexM0\ARM_GCC_493\Debug\main.o (Pin_16_Write)
.\CortexM0\ARM_GCC_493\Debug\Senior_Design.a(isr_uart_rx.o)
                              .\CortexM0\ARM_GCC_493\Debug\main.o (isr_uart_rx_StartEx)
.\CortexM0\ARM_GCC_493\Debug\Senior_Design.a(UART_debug.o)
                              .\CortexM0\ARM_GCC_493\Debug\main.o (UART_debug_Start)
.\CortexM0\ARM_GCC_493\Debug\Senior_Design.a(UART_debug_UART.o)
                              .\CortexM0\ARM_GCC_493\Debug\Senior_Design.a(UART_debug.o) (UART_debug_UartInit)
.\CortexM0\ARM_GCC_493\Debug\Senior_Design.a(Timer_2.o)
                              .\CortexM0\ARM_GCC_493\Debug\main.o (Timer_2_Stop)
.\CortexM0\ARM_GCC_493\Debug\Senior_Design.a(CyBootAsmGnu.o)
                              .\CortexM0\ARM_GCC_493\Debug\Senior_Design.a(CyLib.o) (CyDelayCycles)
.\CortexM0\ARM_GCC_493\Debug\Senior_Design.a(UART_debug_SPI_UART.o)
                              .\CortexM0\ARM_GCC_493\Debug\Senior_Design.a(UART_debug_UART.o) (UART_debug_SpiUartReadRxData)
c:/program files (x86)/cypress/psoc creator/4.0/psoc creator/import/gnu/arm/4.9.3/bin/../lib/gcc/arm-none-eabi/4.9.3/armv6-m\libgcc.a(_udivsi3.o)
                              .\CortexM0\ARM_GCC_493\Debug\main.o (__aeabi_uidiv)
c:/program files (x86)/cypress/psoc creator/4.0/psoc creator/import/gnu/arm/4.9.3/bin/../lib/gcc/arm-none-eabi/4.9.3/armv6-m\libgcc.a(_dvmd_tls.o)
                              c:/program files (x86)/cypress/psoc creator/4.0/psoc creator/import/gnu/arm/4.9.3/bin/../lib/gcc/arm-none-eabi/4.9.3/armv6-m\libgcc.a(_udivsi3.o) (__aeabi_idiv0)
[...]
Memory Configuration

Name             Origin             Length             Attributes
rom              0x00000000         0x00008000         xr
ram              0x20000000         0x00001000         xrw
*default*        0x00000000         0xffffffff

Linker script and memory map

LOAD c:/program files (x86)/cypress/psoc creator/4.0/psoc creator/import/gnu/arm/4.9.3/bin/../lib/gcc/arm-none-eabi/4.9.3/armv6-m/crti.o
LOAD c:/program files (x86)/cypress/psoc creator/4.0/psoc creator/import/gnu/arm/4.9.3/bin/../lib/gcc/arm-none-eabi/4.9.3/armv6-m/crtbegin.o
LOAD c:/program files (x86)/cypress/psoc creator/4.0/psoc creator/import/gnu/arm/4.9.3/bin/../lib/gcc/arm-none-eabi/4.9.3/../../../../arm-none-eabi/lib/armv6-m/crt0.o
START GROUP
LOAD .\CortexM0\ARM_GCC_493\Debug\main.o
LOAD .\CortexM0\ARM_GCC_493\Debug\cymetadata.o
LOAD .\CortexM0\ARM_GCC_493\Debug\Cm0Start.o
LOAD .\CortexM0\ARM_GCC_493\Debug\Senior_Design.a
LOAD C:\Program Files (x86)\Cypress\PSoC Creator\4.0\PSoC Creator\psoc\content\cycomponentlibrary\CyComponentLibrary.cylib\CortexM0\ARM_GCC_493\Debug\CyComponentLibrary.a
END GROUP
START GROUP
LOAD c:/program files (x86)/cypress/psoc creator/4.0/psoc creator/import/gnu/arm/4.9.3/bin/../lib/gcc/arm-none-eabi/4.9.3/armv6-m\libgcc.a
LOAD c:/program files (x86)/cypress/psoc creator/4.0/psoc creator/import/gnu/arm/4.9.3/bin/../lib/gcc/arm-none-eabi/4.9.3/../../../../arm-none-eabi/lib/armv6-m\libg_nano.a
LOAD c:/program files (x86)/cypress/psoc creator/4.0/psoc creator/import/gnu/arm/4.9.3/bin/../lib/gcc/arm-none-eabi/4.9.3/../../../../arm-none-eabi/lib/armv6-m\libc_nano.a
END GROUP
START GROUP
LOAD c:/program files (x86)/cypress/psoc creator/4.0/psoc creator/import/gnu/arm/4.9.3/bin/../lib/gcc/arm-none-eabi/4.9.3/armv6-m\libgcc.a
LOAD c:/program files (x86)/cypress/psoc creator/4.0/psoc creator/import/gnu/arm/4.9.3/bin/../lib/gcc/arm-none-eabi/4.9.3/../../../../arm-none-eabi/lib/armv6-m\libc_nano.a
END GROUP
LOAD c:/program files (x86)/cypress/psoc creator/4.0/psoc creator/import/gnu/arm/4.9.3/bin/../lib/gcc/arm-none-eabi/4.9.3/armv6-m/crtend.o
LOAD c:/program files (x86)/cypress/psoc creator/4.0/psoc creator/import/gnu/arm/4.9.3/bin/../lib/gcc/arm-none-eabi/4.9.3/armv6-m/crtn.o
START GROUP
LOAD c:/program files (x86)/cypress/psoc creator/4.0/psoc creator/import/gnu/arm/4.9.3/bin/../lib/gcc/arm-none-eabi/4.9.3/armv6-m\libgcc.a
LOAD c:/program files (x86)/cypress/psoc creator/4.0/psoc creator/import/gnu/arm/4.9.3/bin/../lib/gcc/arm-none-eabi/4.9.3/../../../../arm-none-eabi/lib/armv6-m\libc.a
LOAD c:/program files (x86)/cypress/psoc creator/4.0/psoc creator/import/gnu/arm/4.9.3/bin/../lib/gcc/arm-none-eabi/4.9.3/../../../../arm-none-eabi/lib/armv6-m\libnosys.a
END GROUP
                0x00000000                CY_APPL_ORIGIN = 0x0
                0x00000080                CY_FLASH_ROW_SIZE = 0x80
                0x00000001                CY_APPL_NUM = 0x1
                0x00000001                CY_APPL_MAX = 0x1
                0x00000040                CY_METADATA_SIZE = 0x40
                0x00000000                CY_APPL_LOADABLE = 0x0
                0x00000000                CY_CHECKSUM_EXCLUDE_SIZE = ALIGN (0x0, CY_FLASH_ROW_SIZE)
                0x00000000                CY_APP_FOR_STACK_AND_COPIER = 0x0
                0x20000548                PROVIDE (__cy_heap_start, _end)
                0x00000001                PROVIDE (__cy_region_num, ((__cy_regions_end - __cy_regions) / 0x10))
                0x20001000                PROVIDE (__cy_stack, (ORIGIN (ram) + 0x1000))
                0x20000c00                PROVIDE (__cy_heap_end, (__cy_stack - 0x400))

.cybootloader   0x00000000        0x0
 *(.cybootloader)
                0x00000000                appl1_start = CY_APPL_ORIGIN?CY_APPL_ORIGIN:ALIGN (CY_FLASH_ROW_SIZE)
                0x00003f80                appl2_start = (appl1_start + ALIGN ((((0x8000 - appl1_start) - (0x2 * CY_FLASH_ROW_SIZE)) / 0x2), CY_FLASH_ROW_SIZE))
                0x00000000                appl_start = (CY_APPL_NUM == 0x1)?appl1_start:appl2_start
                0x00000001                cy_project_type_bootloader = (appl_start == 0x0)?0x1:0x0
                0x00000000                cy_project_type_app_for_stack_and_copier = (CY_APP_FOR_STACK_AND_COPIER == 0x1)?0x1:0x0

.text           0x00000000     0x1b8e
 CREATE_OBJECT_SYMBOLS
                0x00000000                PROVIDE (__cy_interrupt_vector, RomVectors)
 *(.romvectors)
 .romvectors    0x00000000       0x10 .\CortexM0\ARM_GCC_493\Debug\Cm0Start.o
                0x00000000                RomVectors
                0x00000001                ASSERT ((. != __cy_interrupt_vector), No interrupt vector)
                0x00000001                ASSERT (CY_APPL_ORIGIN?(SIZEOF (.cybootloader) <= CY_APPL_ORIGIN):0x1, Wrong image location)
                0x00000010                PROVIDE (__cy_reset, Reset)
 *(.text.Reset)
 .text.Reset    0x00000010        0x8 .\CortexM0\ARM_GCC_493\Debug\Cm0Start.o
                0x00000010                Reset
                0x00000001                ASSERT ((. != __cy_reset), No reset code)
 *(.psocinit)
 .psocinit      0x00000018      0x1b8 .\CortexM0\ARM_GCC_493\Debug\Senior_Design.a(cyfitter_cfg.o)
                0x000000cc                cyfitter_cfg
                0x000001d0                . = MAX (., 0x100)
 *(.text .text.* .gnu.linkonce.t.*)
 .text          0x000001d0       0x60 c:/program files (x86)/cypress/psoc creator/4.0/psoc creator/import/gnu/arm/4.9.3/bin/../lib/gcc/arm-none-eabi/4.9.3/armv6-m/crtbegin.o
 .text.timer_interrupt
                0x00000230       0x64 .\CortexM0\ARM_GCC_493\Debug\main.o
                0x00000230                timer_interrupt
 .text.CRC8     0x00000294       0x38 .\CortexM0\ARM_GCC_493\Debug\main.o
                0x00000294                CRC8
 .text.write_pin
                0x000002cc       0xc4 .\CortexM0\ARM_GCC_493\Debug\main.o
                0x000002cc                write_pin
 .text.uart_buffer_add_char
                0x00000390       0x30 .\CortexM0\ARM_GCC_493\Debug\main.o
                0x00000390                uart_buffer_add_char
 .text.uart_buffer_clear
                0x000003c0       0x28 .\CortexM0\ARM_GCC_493\Debug\main.o
                0x000003c0                uart_buffer_clear
 .text.uart_rx_interrupt
                0x000003e8       0x5c .\CortexM0\ARM_GCC_493\Debug\main.o
                0x000003e8                uart_rx_interrupt
 .text.find_location_number
                0x00000444        0x8 .\CortexM0\ARM_GCC_493\Debug\main.o
                0x00000444                find_location_number
 .text.uart_rx_buffer_process_set_ssvep
                0x0000044c       0xcc .\CortexM0\ARM_GCC_493\Debug\main.o
                0x0000044c                uart_rx_buffer_process_set_ssvep
 .text.ssvep_buffer_reset
                0x00000518       0x18 .\CortexM0\ARM_GCC_493\Debug\main.o
                0x00000518                ssvep_buffer_reset
 .text.uart_rx_buffer_process
                0x00000530       0x30 .\CortexM0\ARM_GCC_493\Debug\main.o
                0x00000530                uart_rx_buffer_process
 .text.ssvep_flip
                0x00000560       0x28 .\CortexM0\ARM_GCC_493\Debug\main.o
                0x00000560                ssvep_flip
 .text.init_data
                0x00000588       0x40 .\CortexM0\ARM_GCC_493\Debug\main.o
                0x00000588                init_data
 .text.main     0x000005c8      0x160 .\CortexM0\ARM_GCC_493\Debug\main.o
                0x000005c8                main
 .text.IntDefaultHandler
                0x00000728       0x10 .\CortexM0\ARM_GCC_493\Debug\Cm0Start.o
                0x00000728                IntDefaultHandler
 .text._sbrk    0x00000738       0x30 .\CortexM0\ARM_GCC_493\Debug\Cm0Start.o
                0x00000738                _sbrk
 .text.Start_c  0x00000768       0x48 .\CortexM0\ARM_GCC_493\Debug\Cm0Start.o
                0x00000768                Start_c
 .text.initialize_psoc
                0x000007b0       0x48 .\CortexM0\ARM_GCC_493\Debug\Cm0Start.o
                0x000007b0                initialize_psoc
 .text.CYMEMZERO
                0x000007f8        0xc .\CortexM0\ARM_GCC_493\Debug\Senior_Design.a(cyfitter_cfg.o)
 .text.Pin_1_Write
                0x00000804       0x18 .\CortexM0\ARM_GCC_493\Debug\Senior_Design.a(Pin_1.o)
                0x00000804                Pin_1_Write
 .text.Pin_2_Write
                0x0000081c       0x18 .\CortexM0\ARM_GCC_493\Debug\Senior_Design.a(Pin_2.o)
                0x0000081c                Pin_2_Write
 .text.Pin_3_Write
                0x00000834       0x18 .\CortexM0\ARM_GCC_493\Debug\Senior_Design.a(Pin_3.o)
                0x00000834                Pin_3_Write
 .text.UART_1_ScbModePostEnable
                0x0000084c        0x8 .\CortexM0\ARM_GCC_493\Debug\Senior_Design.a(UART_1.o)
 .text.UART_1_Init
                0x00000854        0x8 .\CortexM0\ARM_GCC_493\Debug\Senior_Design.a(UART_1.o)
                0x00000854                UART_1_Init
 .text.UART_1_Enable
                0x0000085c       0x18 .\CortexM0\ARM_GCC_493\Debug\Senior_Design.a(UART_1.o)
                0x0000085c                UART_1_Enable
 .text.UART_1_Start
                0x00000874       0x20 .\CortexM0\ARM_GCC_493\Debug\Senior_Design.a(UART_1.o)
                0x00000874                UART_1_Start
 .text.UART_1_SpiUartReadRxData
                0x00000894        0xc .\CortexM0\ARM_GCC_493\Debug\Senior_Design.a(UART_1_SPI_UART.o)
                0x00000894                UART_1_SpiUartReadRxData
 .text.UART_1_SpiUartGetRxBufferSize
                0x000008a0       0x10 .\CortexM0\ARM_GCC_493\Debug\Senior_Design.a(UART_1_SPI_UART.o)
                0x000008a0                UART_1_SpiUartGetRxBufferSize
 .text.UART_1_SpiUartWriteTxData
                0x000008b0       0x1c .\CortexM0\ARM_GCC_493\Debug\Senior_Design.a(UART_1_SPI_UART.o)
                0x000008b0                UART_1_SpiUartWriteTxData
 .text.UART_1_UartInit
                0x000008cc       0x9c .\CortexM0\ARM_GCC_493\Debug\Senior_Design.a(UART_1_UART.o)
                0x000008cc                UART_1_UartInit
 .text.UART_1_UartPostEnable
                0x00000968       0x2c .\CortexM0\ARM_GCC_493\Debug\Senior_Design.a(UART_1_UART.o)
                0x00000968                UART_1_UartPostEnable
 .text.UART_1_UartGetChar
                0x00000994       0x2c .\CortexM0\ARM_GCC_493\Debug\Senior_Design.a(UART_1_UART.o)
                0x00000994                UART_1_UartGetChar
 .text.UART_1_UartPutString
                0x000009c0       0x18 .\CortexM0\ARM_GCC_493\Debug\Senior_Design.a(UART_1_UART.o)
                0x000009c0                UART_1_UartPutString
 .text.CyIntEnable
                0x000009d8       0x14 .\CortexM0\ARM_GCC_493\Debug\Senior_Design.a(CyLib.o)
                0x000009d8                CyIntEnable
 .text.CyHalt   0x000009ec        0x4 .\CortexM0\ARM_GCC_493\Debug\Senior_Design.a(CyLib.o)
                0x000009ec                CyHalt
 .text.CyIntSetVector
                0x000009f0       0x24 .\CortexM0\ARM_GCC_493\Debug\Senior_Design.a(CyLib.o)
                0x000009f0                CyIntSetVector
 .text.CyDelayUs
                0x00000a14       0x14 .\CortexM0\ARM_GCC_493\Debug\Senior_Design.a(CyLib.o)
                0x00000a14                CyDelayUs
 .text.CySysClkWriteImoFreq
                0x00000a28      0x164 .\CortexM0\ARM_GCC_493\Debug\Senior_Design.a(CyLib.o)
                0x00000a28                CySysClkWriteImoFreq
 .text.CySysWdtLocked
                0x00000b8c       0x14 .\CortexM0\ARM_GCC_493\Debug\Senior_Design.a(CyLFClk.o)
 .text.CySysWdtLock
                0x00000ba0       0x1c .\CortexM0\ARM_GCC_493\Debug\Senior_Design.a(CyLFClk.o)
                0x00000ba0                CySysWdtLock
 .text.CySysWdtUnlock
                0x00000bbc       0x30 .\CortexM0\ARM_GCC_493\Debug\Senior_Design.a(CyLFClk.o)
                0x00000bbc                CySysWdtUnlock
 .text.CySysWdtClearInterrupt
                0x00000bec       0x4c .\CortexM0\ARM_GCC_493\Debug\Senior_Design.a(CyLFClk.o)
                0x00000bec                CySysWdtClearInterrupt
 .text.CySysWdtIsr
                0x00000c38       0xa4 .\CortexM0\ARM_GCC_493\Debug\Senior_Design.a(CyLFClk.o)
                0x00000c38                CySysWdtIsr
 .text.Timer_ms_WriteCounter
                0x00000cdc       0x10 .\CortexM0\ARM_GCC_493\Debug\Senior_Design.a(Timer_ms.o)
                0x00000cdc                Timer_ms_WriteCounter
 .text.Timer_ms_WritePeriod
                0x00000cec       0x10 .\CortexM0\ARM_GCC_493\Debug\Senior_Design.a(Timer_ms.o)
                0x00000cec                Timer_ms_WritePeriod
 .text.Timer_ms_TriggerCommand
                0x00000cfc       0x1c .\CortexM0\ARM_GCC_493\Debug\Senior_Design.a(Timer_ms.o)
                0x00000cfc                Timer_ms_TriggerCommand
 .text.Timer_ms_Enable
                0x00000d18       0x24 .\CortexM0\ARM_GCC_493\Debug\Senior_Design.a(Timer_ms.o)
                0x00000d18                Timer_ms_Enable
 .text.Timer_ms_SetInterruptMode
                0x00000d3c        0xc .\CortexM0\ARM_GCC_493\Debug\Senior_Design.a(Timer_ms.o)
                0x00000d3c                Timer_ms_SetInterruptMode
 .text.Timer_ms_Init
                0x00000d48       0x30 .\CortexM0\ARM_GCC_493\Debug\Senior_Design.a(Timer_ms.o)
                0x00000d48                Timer_ms_Init
 .text.Timer_ms_Start
                0x00000d78       0x20 .\CortexM0\ARM_GCC_493\Debug\Senior_Design.a(Timer_ms.o)
                0x00000d78                Timer_ms_Start
 .text.Timer_ms_ClearInterrupt
                0x00000d98        0xc .\CortexM0\ARM_GCC_493\Debug\Senior_Design.a(Timer_ms.o)
                0x00000d98                Timer_ms_ClearInterrupt
 .text.isr_ms_SetVector
                0x00000da4        0xc .\CortexM0\ARM_GCC_493\Debug\Senior_Design.a(isr_ms.o)
                0x00000da4                isr_ms_SetVector
 .text.isr_ms_SetPriority
                0x00000db0       0x20 .\CortexM0\ARM_GCC_493\Debug\Senior_Design.a(isr_ms.o)
                0x00000db0                isr_ms_SetPriority
 .text.isr_ms_Enable
                0x00000dd0       0x10 .\CortexM0\ARM_GCC_493\Debug\Senior_Design.a(isr_ms.o)
                0x00000dd0                isr_ms_Enable
 .text.isr_ms_Disable
                0x00000de0       0x10 .\CortexM0\ARM_GCC_493\Debug\Senior_Design.a(isr_ms.o)
                0x00000de0                isr_ms_Disable
 .text.isr_ms_StartEx
                0x00000df0       0x1c .\CortexM0\ARM_GCC_493\Debug\Senior_Design.a(isr_ms.o)
                0x00000df0                isr_ms_StartEx
 .text.Pin_4_Write
                0x00000e0c       0x18 .\CortexM0\ARM_GCC_493\Debug\Senior_Design.a(Pin_4.o)
                0x00000e0c                Pin_4_Write
 .text.Pin_5_Write
                0x00000e24       0x18 .\CortexM0\ARM_GCC_493\Debug\Senior_Design.a(Pin_5.o)
                0x00000e24                Pin_5_Write
 .text.Pin_6_Write
                0x00000e3c       0x18 .\CortexM0\ARM_GCC_493\Debug\Senior_Design.a(Pin_6.o)
                0x00000e3c                Pin_6_Write
 .text.Pin_7_Write
                0x00000e54       0x18 .\CortexM0\ARM_GCC_493\Debug\Senior_Design.a(Pin_7.o)
                0x00000e54                Pin_7_Write
 .text.Pin_8_Write
                0x00000e6c       0x18 .\CortexM0\ARM_GCC_493\Debug\Senior_Design.a(Pin_8.o)
                0x00000e6c                Pin_8_Write
 .text.Pin_9_Write
                0x00000e84       0x18 .\CortexM0\ARM_GCC_493\Debug\Senior_Design.a(Pin_9.o)
                0x00000e84                Pin_9_Write
 .text.Pin_10_Write
                0x00000e9c       0x18 .\CortexM0\ARM_GCC_493\Debug\Senior_Design.a(Pin_10.o)
                0x00000e9c                Pin_10_Write
 .text.Pin_11_Write
                0x00000eb4       0x18 .\CortexM0\ARM_GCC_493\Debug\Senior_Design.a(Pin_11.o)
                0x00000eb4                Pin_11_Write
 .text.Pin_12_Write
                0x00000ecc       0x18 .\CortexM0\ARM_GCC_493\Debug\Senior_Design.a(Pin_12.o)
                0x00000ecc                Pin_12_Write
 .text.Pin_13_Write
                0x00000ee4       0x18 .\CortexM0\ARM_GCC_493\Debug\Senior_Design.a(Pin_13.o)
                0x00000ee4                Pin_13_Write
 .text.Pin_14_Write
                0x00000efc       0x18 .\CortexM0\ARM_GCC_493\Debug\Senior_Design.a(Pin_14.o)
                0x00000efc                Pin_14_Write
 .text.Pin_15_Write
                0x00000f14       0x18 .\CortexM0\ARM_GCC_493\Debug\Senior_Design.a(Pin_15.o)
                0x00000f14                Pin_15_Write
 .text.Pin_16_Write
                0x00000f2c       0x18 .\CortexM0\ARM_GCC_493\Debug\Senior_Design.a(Pin_16.o)
                0x00000f2c                Pin_16_Write
 .text.isr_uart_rx_SetVector
                0x00000f44        0xc .\CortexM0\ARM_GCC_493\Debug\Senior_Design.a(isr_uart_rx.o)
                0x00000f44                isr_uart_rx_SetVector
 .text.isr_uart_rx_SetPriority
                0x00000f50       0x20 .\CortexM0\ARM_GCC_493\Debug\Senior_Design.a(isr_uart_rx.o)
                0x00000f50                isr_uart_rx_SetPriority
 .text.isr_uart_rx_Enable
                0x00000f70       0x10 .\CortexM0\ARM_GCC_493\Debug\Senior_Design.a(isr_uart_rx.o)
                0x00000f70                isr_uart_rx_Enable
 .text.isr_uart_rx_Disable
                0x00000f80       0x10 .\CortexM0\ARM_GCC_493\Debug\Senior_Design.a(isr_uart_rx.o)
                0x00000f80                isr_uart_rx_Disable
 .text.isr_uart_rx_StartEx
                0x00000f90       0x1c .\CortexM0\ARM_GCC_493\Debug\Senior_Design.a(isr_uart_rx.o)
                0x00000f90                isr_uart_rx_StartEx
 .text.UART_debug_ScbModePostEnable
                0x00000fac        0x8 .\CortexM0\ARM_GCC_493\Debug\Senior_Design.a(UART_debug.o)
 .text.UART_debug_Init
                0x00000fb4        0x8 .\CortexM0\ARM_GCC_493\Debug\Senior_Design.a(UART_debug.o)
                0x00000fb4                UART_debug_Init
 .text.UART_debug_Enable
                0x00000fbc       0x18 .\CortexM0\ARM_GCC_493\Debug\Senior_Design.a(UART_debug.o)
                0x00000fbc                UART_debug_Enable
 .text.UART_debug_Start
                0x00000fd4       0x20 .\CortexM0\ARM_GCC_493\Debug\Senior_Design.a(UART_debug.o)
                0x00000fd4                UART_debug_Start
 .text.UART_debug_UartInit
                0x00000ff4       0x98 .\CortexM0\ARM_GCC_493\Debug\Senior_Design.a(UART_debug_UART.o)
                0x00000ff4                UART_debug_UartInit
 .text.UART_debug_UartPostEnable
                0x0000108c       0x24 .\CortexM0\ARM_GCC_493\Debug\Senior_Design.a(UART_debug_UART.o)
                0x0000108c                UART_debug_UartPostEnable
 .text.UART_debug_UartPutString
                0x000010b0       0x18 .\CortexM0\ARM_GCC_493\Debug\Senior_Design.a(UART_debug_UART.o)
                0x000010b0                UART_debug_UartPutString
 .text.Timer_2_Stop
                0x000010c8       0x1c .\CortexM0\ARM_GCC_493\Debug\Senior_Design.a(Timer_2.o)
                0x000010c8                Timer_2_Stop
 .text.Timer_2_WriteCounter
                0x000010e4       0x10 .\CortexM0\ARM_GCC_493\Debug\Senior_Design.a(Timer_2.o)
                0x000010e4                Timer_2_WriteCounter
 .text.Timer_2_ReadCounter
                0x000010f4       0x10 .\CortexM0\ARM_GCC_493\Debug\Senior_Design.a(Timer_2.o)
                0x000010f4                Timer_2_ReadCounter
 .text.Timer_2_WritePeriod
                0x00001104       0x10 .\CortexM0\ARM_GCC_493\Debug\Senior_Design.a(Timer_2.o)
                0x00001104                Timer_2_WritePeriod
 .text.Timer_2_TriggerCommand
                0x00001114       0x1c .\CortexM0\ARM_GCC_493\Debug\Senior_Design.a(Timer_2.o)
                0x00001114                Timer_2_TriggerCommand
 .text.Timer_2_Enable
                0x00001130       0x24 .\CortexM0\ARM_GCC_493\Debug\Senior_Design.a(Timer_2.o)
                0x00001130                Timer_2_Enable
 .text.Timer_2_SetInterruptMode
                0x00001154        0xc .\CortexM0\ARM_GCC_493\Debug\Senior_Design.a(Timer_2.o)
                0x00001154                Timer_2_SetInterruptMode
 .text.Timer_2_Init
                0x00001160       0x30 .\CortexM0\ARM_GCC_493\Debug\Senior_Design.a(Timer_2.o)
                0x00001160                Timer_2_Init
 .text.Timer_2_Start
                0x00001190       0x20 .\CortexM0\ARM_GCC_493\Debug\Senior_Design.a(Timer_2.o)
                0x00001190                Timer_2_Start
 .text          0x000011b0       0x28 .\CortexM0\ARM_GCC_493\Debug\Senior_Design.a(CyBootAsmGnu.o)
                0x000011b0                CyDelayCycles
                0x000011c4                CyEnterCriticalSection
                0x000011cc                CyExitCriticalSection
 .text.UART_debug_SpiUartWriteTxData
                0x000011d8       0x1c .\CortexM0\ARM_GCC_493\Debug\Senior_Design.a(UART_debug_SPI_UART.o)
                0x000011d8                UART_debug_SpiUartWriteTxData
 .text          0x000011f4      0x120 c:/program files (x86)/cypress/psoc creator/4.0/psoc creator/import/gnu/arm/4.9.3/bin/../lib/gcc/arm-none-eabi/4.9.3/armv6-m\libgcc.a(_udivsi3.o)
                0x000011f4                __aeabi_uidiv
                0x000011f4                __udivsi3
                0x00001300                __aeabi_uidivmod
 .text          0x00001314        0x4 c:/program files (x86)/cypress/psoc creator/4.0/psoc creator/import/gnu/arm/4.9.3/bin/../lib/gcc/arm-none-eabi/4.9.3/armv6-m\libgcc.a(_dvmd_tls.o)
                0x00001314                __aeabi_idiv0
                0x00001314                __aeabi_ldiv0
 .text.__errno  0x00001318        0xc c:/program files (x86)/cypress/psoc creator/4.0/psoc creator/import/gnu/arm/4.9.3/bin/../lib/gcc/arm-none-eabi/4.9.3/../../../../arm-none-eabi/lib/armv6-m\libg_nano.a(lib_a-errno.o)
                0x00001318                __errno
 .text.__libc_init_array
                0x00001324       0x4c c:/program files (x86)/cypress/psoc creator/4.0/psoc creator/import/gnu/arm/4.9.3/bin/../lib/gcc/arm-none-eabi/4.9.3/../../../../arm-none-eabi/lib/armv6-m\libg_nano.a(lib_a-init.o)
                0x00001324                __libc_init_array
 .text.memset   0x00001370       0x10 c:/program files (x86)/cypress/psoc creator/4.0/psoc creator/import/gnu/arm/4.9.3/bin/../lib/gcc/arm-none-eabi/4.9.3/../../../../arm-none-eabi/lib/armv6-m\libg_nano.a(lib_a-memset.o)
                0x00001370                memset
 .text.sprintf  0x00001380       0x44 c:/program files (x86)/cypress/psoc creator/4.0/psoc creator/import/gnu/arm/4.9.3/bin/../lib/gcc/arm-none-eabi/4.9.3/../../../../arm-none-eabi/lib/armv6-m\libg_nano.a(lib_a-sprintf.o)
                0x00001380                siprintf
                0x00001380                sprintf
 .text.__ssputs_r
                0x000013c4       0xc0 c:/program files (x86)/cypress/psoc creator/4.0/psoc creator/import/gnu/arm/4.9.3/bin/../lib/gcc/arm-none-eabi/4.9.3/../../../../arm-none-eabi/lib/armv6-m\libg_nano.a(lib_a-nano-svfprintf.o)
                0x000013c4                __ssputs_r
 .text._svfprintf_r
                0x00001484      0x1ec c:/program files (x86)/cypress/psoc creator/4.0/psoc creator/import/gnu/arm/4.9.3/bin/../lib/gcc/arm-none-eabi/4.9.3/../../../../arm-none-eabi/lib/armv6-m\libg_nano.a(lib_a-nano-svfprintf.o)
                0x00001484                _svfiprintf_r
                0x00001484                _svfprintf_r
 .text._printf_common
                0x00001670       0xdc c:/program files (x86)/cypress/psoc creator/4.0/psoc creator/import/gnu/arm/4.9.3/bin/../lib/gcc/arm-none-eabi/4.9.3/../../../../arm-none-eabi/lib/armv6-m\libg_nano.a(lib_a-nano-vfprintf_i.o)
                0x00001670                _printf_common
 .text._printf_i
                0x0000174c      0x230 c:/program files (x86)/cypress/psoc creator/4.0/psoc creator/import/gnu/arm/4.9.3/bin/../lib/gcc/arm-none-eabi/4.9.3/../../../../arm-none-eabi/lib/armv6-m\libg_nano.a(lib_a-nano-vfprintf_i.o)
                0x0000174c                _printf_i
 .text.memchr   0x0000197c       0x16 c:/program files (x86)/cypress/psoc creator/4.0/psoc creator/import/gnu/arm/4.9.3/bin/../lib/gcc/arm-none-eabi/4.9.3/../../../../arm-none-eabi/lib/armv6-m\libg_nano.a(lib_a-memchr.o)
                0x0000197c                memchr
 .text.memcpy   0x00001992       0x12 c:/program files (x86)/cypress/psoc creator/4.0/psoc creator/import/gnu/arm/4.9.3/bin/../lib/gcc/arm-none-eabi/4.9.3/../../../../arm-none-eabi/lib/armv6-m\libg_nano.a(lib_a-memcpy.o)
                0x00001992                memcpy
 .text.memmove  0x000019a4       0x28 c:/program files (x86)/cypress/psoc creator/4.0/psoc creator/import/gnu/arm/4.9.3/bin/../lib/gcc/arm-none-eabi/4.9.3/../../../../arm-none-eabi/lib/armv6-m\libg_nano.a(lib_a-memmove.o)
                0x000019a4                memmove
 .text._free_r  0x000019cc       0x8c c:/program files (x86)/cypress/psoc creator/4.0/psoc creator/import/gnu/arm/4.9.3/bin/../lib/gcc/arm-none-eabi/4.9.3/../../../../arm-none-eabi/lib/armv6-m\libg_nano.a(lib_a-nano-freer.o)
                0x000019cc                _free_r
 .text._malloc_r
                0x00001a58       0xb0 c:/program files (x86)/cypress/psoc creator/4.0/psoc creator/import/gnu/arm/4.9.3/bin/../lib/gcc/arm-none-eabi/4.9.3/../../../../arm-none-eabi/lib/armv6-m\libg_nano.a(lib_a-nano-mallocr.o)
                0x00001a58                _malloc_r
 .text._realloc_r
                0x00001b08       0x4c c:/program files (x86)/cypress/psoc creator/4.0/psoc creator/import/gnu/arm/4.9.3/bin/../lib/gcc/arm-none-eabi/4.9.3/../../../../arm-none-eabi/lib/armv6-m\libg_nano.a(lib_a-nano-reallocr.o)
                0x00001b08                _realloc_r
 .text._sbrk_r  0x00001b54       0x24 c:/program files (x86)/cypress/psoc creator/4.0/psoc creator/import/gnu/arm/4.9.3/bin/../lib/gcc/arm-none-eabi/4.9.3/../../../../arm-none-eabi/lib/armv6-m\libg_nano.a(lib_a-sbrkr.o)
                0x00001b54                _sbrk_r
 .text._malloc_usable_size_r
                0x00001b78       0x16 c:/program files (x86)/cypress/psoc creator/4.0/psoc creator/import/gnu/arm/4.9.3/bin/../lib/gcc/arm-none-eabi/4.9.3/../../../../arm-none-eabi/lib/armv6-m\libg_nano.a(lib_a-nano-msizer.o)
                0x00001b78                _malloc_usable_size_r
 *(.plt)
 *(.gnu.warning)
 *(.glue_7t)
 .glue_7t       0x00000000        0x0 linker stubs
 *(.glue_7)
 .glue_7        0x00000000        0x0 linker stubs
 *(.vfp11_veneer)
 .vfp11_veneer  0x00000000        0x0 linker stubs
 *(.bootloader)
 *(.ARM.extab* .gnu.linkonce.armextab.*)
 *(.gcc_except_table)

.v4_bx          0x00001b90        0x0
 .v4_bx         0x00000000        0x0 linker stubs

.iplt           0x00001b90        0x0
 .iplt          0x00000000        0x0 c:/program files (x86)/cypress/psoc creator/4.0/psoc creator/import/gnu/arm/4.9.3/bin/../lib/gcc/arm-none-eabi/4.9.3/armv6-m/crtbegin.o

.eh_frame_hdr
 *(.eh_frame_hdr)

.eh_frame       0x00001b90        0x4
 *(.eh_frame)
 .eh_frame      0x00001b90        0x0 c:/program files (x86)/cypress/psoc creator/4.0/psoc creator/import/gnu/arm/4.9.3/bin/../lib/gcc/arm-none-eabi/4.9.3/armv6-m/crtbegin.o
 .eh_frame      0x00001b90        0x4 c:/program files (x86)/cypress/psoc creator/4.0/psoc creator/import/gnu/arm/4.9.3/bin/../lib/gcc/arm-none-eabi/4.9.3/armv6-m/crtend.o
                0x00001b94                PROVIDE (__exidx_start, .)

.ARM.exidx
 *(.ARM.exidx* .gnu.linkonce.armexidx.*)
                0x00001b94                __exidx_end = .

.rodata         0x00001b94       0xc4
 *(.rodata .rodata.* .gnu.linkonce.r.*)
 .rodata.str1.4
                0x00001b94       0x1c .\CortexM0\ARM_GCC_493\Debug\main.o
 .rodata        0x00001bb0        0xc .\CortexM0\ARM_GCC_493\Debug\Senior_Design.a(cyfitter_cfg.o)
 .rodata        0x00001bbc       0x30 .\CortexM0\ARM_GCC_493\Debug\Senior_Design.a(CyLib.o)
                0x00001bbc                cyImoFreqMhz2Reg
 .rodata.str1.1
                0x00001bec        0x2 c:/program files (x86)/cypress/psoc creator/4.0/psoc creator/import/gnu/arm/4.9.3/bin/../lib/gcc/arm-none-eabi/4.9.3/../../../../arm-none-eabi/lib/armv6-m\libg_nano.a(lib_a-impure.o)
 .rodata.str1.1
                0x00001bee       0x11 c:/program files (x86)/cypress/psoc creator/4.0/psoc creator/import/gnu/arm/4.9.3/bin/../lib/gcc/arm-none-eabi/4.9.3/../../../../arm-none-eabi/lib/armv6-m\libg_nano.a(lib_a-nano-svfprintf.o)
 .rodata.str1.1
                0x00001bff       0x22 c:/program files (x86)/cypress/psoc creator/4.0/psoc creator/import/gnu/arm/4.9.3/bin/../lib/gcc/arm-none-eabi/4.9.3/../../../../arm-none-eabi/lib/armv6-m\libg_nano.a(lib_a-nano-vfprintf_i.o)
                0x00001c24                . = ALIGN (0x4)
 *fill*         0x00001c21        0x3 
 *(.init)
 .init          0x00001c24        0x4 c:/program files (x86)/cypress/psoc creator/4.0/psoc creator/import/gnu/arm/4.9.3/bin/../lib/gcc/arm-none-eabi/4.9.3/armv6-m/crti.o
                0x00001c24                _init
 .init          0x00001c28        0x8 c:/program files (x86)/cypress/psoc creator/4.0/psoc creator/import/gnu/arm/4.9.3/bin/../lib/gcc/arm-none-eabi/4.9.3/armv6-m/crtn.o
                0x00001c30                . = ALIGN (0x4)
                0x00001c30                __preinit_array_start = .
 *(.preinit_array)
                0x00001c30                __preinit_array_end = .
                0x00001c30                . = ALIGN (0x4)
                0x00001c30                __init_array_start = .
 *(SORT(.init_array.*))
 *(.init_array)
 .init_array    0x00001c30        0x4 c:/program files (x86)/cypress/psoc creator/4.0/psoc creator/import/gnu/arm/4.9.3/bin/../lib/gcc/arm-none-eabi/4.9.3/armv6-m/crtbegin.o
 .init_array    0x00001c34        0x4 .\CortexM0\ARM_GCC_493\Debug\Cm0Start.o
                0x00001c38                __init_array_end = .
                0x00001c38                . = ALIGN (0x4)
 *(.fini)
 .fini          0x00001c38        0x4 c:/program files (x86)/cypress/psoc creator/4.0/psoc creator/import/gnu/arm/4.9.3/bin/../lib/gcc/arm-none-eabi/4.9.3/armv6-m/crti.o
                0x00001c38                _fini
 .fini          0x00001c3c        0x8 c:/program files (x86)/cypress/psoc creator/4.0/psoc creator/import/gnu/arm/4.9.3/bin/../lib/gcc/arm-none-eabi/4.9.3/armv6-m/crtn.o
                0x00001c44                . = ALIGN (0x4)
                0x00001c44                __fini_array_start = .
 *(.fini_array)
 .fini_array    0x00001c44        0x4 c:/program files (x86)/cypress/psoc creator/4.0/psoc creator/import/gnu/arm/4.9.3/bin/../lib/gcc/arm-none-eabi/4.9.3/armv6-m/crtbegin.o
 *(SORT(.fini_array.*))
                0x00001c48                __fini_array_end = .
                0x00001c48                . = ALIGN (0x4)
 *crtbegin.o(.ctors)
 *(EXCLUDE_FILE(*crtend.o) .ctors)
 *(SORT(.ctors.*))
 *crtend.o(.ctors)
                0x00001c48                . = ALIGN (0x4)
 *crtbegin.o(.dtors)
 *(EXCLUDE_FILE(*crtend.o) .dtors)
 *(SORT(.dtors.*))
 *crtend.o(.dtors)
                0x00001c48                . = ALIGN (0x4)
                0x00001c48                __cy_regions = .
                0x00001c48        0x4 LONG 0x1c58 __cy_region_init_ram
                0x00001c4c        0x4 LONG 0x200000c8 __cy_region_start_data
                0x00001c50        0x4 LONG 0x88 __cy_region_init_size_ram
                0x00001c54        0x4 LONG 0x3f8 __cy_region_zero_size_ram
                0x00001c58                __cy_regions_end = .
                0x00001c58                . = ALIGN (0x8)
                0x00001c58                _etext = .

.cy_checksum_exclude
                0x00001c58        0x0
 *(.cy_checksum_exclude)

.ramvectors     0x20000000       0xc0
                0x20000000                __cy_region_start_ram = .
 *(.ramvectors)
 .ramvectors    0x20000000       0xc0 .\CortexM0\ARM_GCC_493\Debug\Cm0Start.o
                0x20000000                CyRamVectors

.noinit         0x200000c0        0x4
 *(.noinit)
 .noinit        0x200000c0        0x4 .\CortexM0\ARM_GCC_493\Debug\Cm0Start.o

.data           0x200000c8       0x88 load address 0x00001c58
                0x200000c8                __cy_region_start_data = .
 *(.jcr)
 .jcr           0x200000c8        0x0 c:/program files (x86)/cypress/psoc creator/4.0/psoc creator/import/gnu/arm/4.9.3/bin/../lib/gcc/arm-none-eabi/4.9.3/armv6-m/crtbegin.o
 .jcr           0x200000c8        0x4 c:/program files (x86)/cypress/psoc creator/4.0/psoc creator/import/gnu/arm/4.9.3/bin/../lib/gcc/arm-none-eabi/4.9.3/armv6-m/crtend.o
 *(.got.plt)
 *(.got)
 *(.shdata)
 *(.data .data.* .gnu.linkonce.d.*)
 .data          0x200000cc        0x1 .\CortexM0\ARM_GCC_493\Debug\main.o
                0x200000cc                operating_mode
 *fill*         0x200000cd        0x3 
 .data          0x200000d0        0x4 .\CortexM0\ARM_GCC_493\Debug\Cm0Start.o
 .data          0x200000d4       0x14 .\CortexM0\ARM_GCC_493\Debug\Senior_Design.a(CyLib.o)
                0x200000d4                CySysClkPumpConfig
                0x200000d8                cydelay32kMs
                0x200000dc                cydelayFreqKhz
                0x200000e0                cydelayFreqMhz
                0x200000e4                cydelayFreqHz
 .data          0x200000e8        0x4 .\CortexM0\ARM_GCC_493\Debug\Senior_Design.a(CyLFClk.o)
 .data.impure_data
                0x200000ec       0x60 c:/program files (x86)/cypress/psoc creator/4.0/psoc creator/import/gnu/arm/4.9.3/bin/../lib/gcc/arm-none-eabi/4.9.3/../../../../arm-none-eabi/lib/armv6-m\libg_nano.a(lib_a-impure.o)
 .data._impure_ptr
                0x2000014c        0x4 c:/program files (x86)/cypress/psoc creator/4.0/psoc creator/import/gnu/arm/4.9.3/bin/../lib/gcc/arm-none-eabi/4.9.3/../../../../arm-none-eabi/lib/armv6-m\libg_nano.a(lib_a-impure.o)
                0x2000014c                _impure_ptr
                0x20000150                . = ALIGN (0x8)
 *(.ram)
                0x20000150                _edata = .

.igot.plt       0x20000150        0x0 load address 0x00001ce0
 .igot.plt      0x00000000        0x0 c:/program files (x86)/cypress/psoc creator/4.0/psoc creator/import/gnu/arm/4.9.3/bin/../lib/gcc/arm-none-eabi/4.9.3/armv6-m/crtbegin.o

.bss            0x20000150      0x3f8 load address 0x00001ce0
                0x20000150                PROVIDE (__bss_start__, .)
 *(.shbss)
 *(.bss .bss.* .gnu.linkonce.b.*)
 .bss           0x20000150       0x1c c:/program files (x86)/cypress/psoc creator/4.0/psoc creator/import/gnu/arm/4.9.3/bin/../lib/gcc/arm-none-eabi/4.9.3/armv6-m/crtbegin.o
 .bss           0x2000016c        0xc .\CortexM0\ARM_GCC_493\Debug\main.o
                0x2000016c                mills
                0x20000170                mills_time_i
                0x20000171                UART_rx_buffer_ind
                0x20000172                UART_rx_buffer_process_ind_reset_flag
                0x20000173                UART_rx_last_byte
                0x20000174                UART_rx_type
                0x20000175                sweep_i
                0x20000176                UART_rx_buffer_process_ind
 .bss           0x20000178        0x4 .\CortexM0\ARM_GCC_493\Debug\Senior_Design.a(UART_1.o)
                0x20000178                UART_1_initVar
                0x2000017a                UART_1_IntrTxMask
 .bss           0x2000017c       0x20 .\CortexM0\ARM_GCC_493\Debug\Senior_Design.a(CyLFClk.o)
 .bss           0x2000019c        0x1 .\CortexM0\ARM_GCC_493\Debug\Senior_Design.a(Timer_ms.o)
                0x2000019c                Timer_ms_initVar
 *fill*         0x2000019d        0x1 
 .bss           0x2000019e        0x4 .\CortexM0\ARM_GCC_493\Debug\Senior_Design.a(UART_debug.o)
                0x2000019e                UART_debug_initVar
                0x200001a0                UART_debug_IntrTxMask
 .bss           0x200001a2        0x1 .\CortexM0\ARM_GCC_493\Debug\Senior_Design.a(Timer_2.o)
                0x200001a2                Timer_2_initVar
 *fill*         0x200001a3        0x1 
 .bss.__malloc_sbrk_start
                0x200001a4        0x4 c:/program files (x86)/cypress/psoc creator/4.0/psoc creator/import/gnu/arm/4.9.3/bin/../lib/gcc/arm-none-eabi/4.9.3/../../../../arm-none-eabi/lib/armv6-m\libg_nano.a(lib_a-nano-mallocr.o)
                0x200001a4                __malloc_sbrk_start
 .bss.__malloc_free_list
                0x200001a8        0x4 c:/program files (x86)/cypress/psoc creator/4.0/psoc creator/import/gnu/arm/4.9.3/bin/../lib/gcc/arm-none-eabi/4.9.3/../../../../arm-none-eabi/lib/armv6-m\libg_nano.a(lib_a-nano-mallocr.o)
                0x200001a8                __malloc_free_list
 *(COMMON)
 COMMON         0x200001ac      0x398 .\CortexM0\ARM_GCC_493\Debug\main.o
                0x200001ac                mills_time
                0x20000274                SSVEP_intervals_next
                0x200002b4                UART_rx_buffer
                0x200002f4                SSVEP_states
                0x20000334                toc
                0x20000338                SSVEP_intervals
                0x20000378                SSVEP_next_toggle
                0x20000478                tic
                0x2000047c                sweep_time
 COMMON         0x20000544        0x4 c:/program files (x86)/cypress/psoc creator/4.0/psoc creator/import/gnu/arm/4.9.3/bin/../lib/gcc/arm-none-eabi/4.9.3/../../../../arm-none-eabi/lib/armv6-m\libg_nano.a(lib_a-reent.o)
                0x20000544                errno
                0x20000548                . = ALIGN (0x8)
 *(.ram.b)
                0x20000548                _end = .
                0x20000548                __end = .
                0x20000548                PROVIDE (end, .)
                0x20000548                PROVIDE (__bss_end__, .)
                0x00001c58                __cy_region_init_ram = LOADADDR (.data)
                0x00000088                __cy_region_init_size_ram = (_edata - ADDR (.data))
                0x000003f8                __cy_region_zero_size_ram = (_end - _edata)

.heap           0x20000548       0x80 load address 0x00001ce0
                0x20000548                . = _end
                0x200005c8                . = (. + 0x80)
 *fill*         0x20000548       0x80 
                0x200005c8                __cy_heap_limit = .

.stack          0x20000c00      0x400
                0x20000c00                __cy_stack_limit = .
                0x20001000                . = (. + 0x400)
 *fill*         0x20000c00      0x400 
                0x00000001                ASSERT ((__cy_stack_limit >= __cy_heap_limit), region RAM overflowed with stack)
                0x00000000                cy_checksum_exclude_size = (CY_APPL_LOADABLE == 0x1)?SIZEOF (.cy_checksum_exclude):0x0
                0x00000001                ASSERT ((cy_checksum_exclude_size <= CY_CHECKSUM_EXCLUDE_SIZE), CY_BOOT: Section .cy_checksum_exclude size exceedes specified limit.)
                0x00007fc0                cyloadermeta_start = (cy_project_type_bootloader || cy_project_type_app_for_stack_and_copier)?(0x8000 - CY_METADATA_SIZE):0xf0000000

.cyloadermeta
 *(.cyloadermeta)
                0x00007fc0                cyloadablemeta_start = cy_project_type_app_for_stack_and_copier?((0x8000 - CY_FLASH_ROW_SIZE) - CY_METADATA_SIZE):((0x8000 - (CY_FLASH_ROW_SIZE * (CY_APPL_NUM - 0x1))) - CY_METADATA_SIZE)

.cyloadablemeta
 *(.cyloadablemeta)

.cyflashprotect
                0x90400000       0x20
 *(.cyflashprotect)
 .cyflashprotect
                0x90400000       0x20 .\CortexM0\ARM_GCC_493\Debug\cymetadata.o
                0x90400000                cy_meta_flashprotect

.cymeta         0x90500000        0xc
 *(.cymeta)
 .cymeta        0x90500000        0xc .\CortexM0\ARM_GCC_493\Debug\cymetadata.o
                0x90500000                cy_metadata

.cychipprotect  0x90600000        0x4
 *(.cychipprotect)
 .cychipprotect
                0x90600000        0x4 .\CortexM0\ARM_GCC_493\Debug\cymetadata.o
                0x90600000                cy_meta_chipprotect

.rel.dyn        0x00001ce0        0x0 load address 0x90600004
 .rel.iplt      0x00000000        0x0 c:/program files (x86)/cypress/psoc creator/4.0/psoc creator/import/gnu/arm/4.9.3/bin/../lib/gcc/arm-none-eabi/4.9.3/armv6-m/crtbegin.o

.stab
 *(.stab)

.stabstr
 *(.stabstr)

.debug
 *(.debug)

.line
 *(.line)

.debug_srcinfo
 *(.debug_srcinfo)

.debug_sfnames
 *(.debug_sfnames)

.debug_aranges  0x00000000      0xe58
 *(.debug_aranges)
 .debug_aranges
                0x00000000       0x80 .\CortexM0\ARM_GCC_493\Debug\main.o
 .debug_aranges
                0x00000080       0x18 .\CortexM0\ARM_GCC_493\Debug\cymetadata.o
 .debug_aranges
                0x00000098       0x48 .\CortexM0\ARM_GCC_493\Debug\Cm0Start.o
 .debug_aranges
                0x000000e0       0x30 .\CortexM0\ARM_GCC_493\Debug\Senior_Design.a(cyfitter_cfg.o)
 .debug_aranges
                0x00000110       0x48 .\CortexM0\ARM_GCC_493\Debug\Senior_Design.a(Pin_1.o)
 .debug_aranges
                0x00000158       0x48 .\CortexM0\ARM_GCC_493\Debug\Senior_Design.a(Pin_2.o)
 .debug_aranges
                0x000001a0       0x48 .\CortexM0\ARM_GCC_493\Debug\Senior_Design.a(Pin_3.o)
 .debug_aranges
                0x000001e8       0x60 .\CortexM0\ARM_GCC_493\Debug\Senior_Design.a(UART_1.o)
 .debug_aranges
                0x00000248       0x60 .\CortexM0\ARM_GCC_493\Debug\Senior_Design.a(UART_1_SPI_UART.o)
 .debug_aranges
                0x000002a8       0x60 .\CortexM0\ARM_GCC_493\Debug\Senior_Design.a(UART_1_UART.o)
 .debug_aranges
                0x00000308      0x180 .\CortexM0\ARM_GCC_493\Debug\Senior_Design.a(CyLib.o)
 .debug_aranges
                0x00000488      0x138 .\CortexM0\ARM_GCC_493\Debug\Senior_Design.a(CyLFClk.o)
 .debug_aranges
                0x000005c0      0x158 .\CortexM0\ARM_GCC_493\Debug\Senior_Design.a(Timer_ms.o)
 .debug_aranges
                0x00000718       0x80 .\CortexM0\ARM_GCC_493\Debug\Senior_Design.a(isr_ms.o)
 .debug_aranges
                0x00000798       0x48 .\CortexM0\ARM_GCC_493\Debug\Senior_Design.a(Pin_4.o)
 .debug_aranges
                0x000007e0       0x48 .\CortexM0\ARM_GCC_493\Debug\Senior_Design.a(Pin_5.o)
 .debug_aranges
                0x00000828       0x48 .\CortexM0\ARM_GCC_493\Debug\Senior_Design.a(Pin_6.o)
 .debug_aranges
                0x00000870       0x48 .\CortexM0\ARM_GCC_493\Debug\Senior_Design.a(Pin_7.o)
 .debug_aranges
                0x000008b8       0x48 .\CortexM0\ARM_GCC_493\Debug\Senior_Design.a(Pin_8.o)
 .debug_aranges
                0x00000900       0x48 .\CortexM0\ARM_GCC_493\Debug\Senior_Design.a(Pin_9.o)
 .debug_aranges
                0x00000948       0x48 .\CortexM0\ARM_GCC_493\Debug\Senior_Design.a(Pin_10.o)
 .debug_aranges
                0x00000990       0x48 .\CortexM0\ARM_GCC_493\Debug\Senior_Design.a(Pin_11.o)
 .debug_aranges
                0x000009d8       0x48 .\CortexM0\ARM_GCC_493\Debug\Senior_Design.a(Pin_12.o)
 .debug_aranges
                0x00000a20       0x48 .\CortexM0\ARM_GCC_493\Debug\Senior_Design.a(Pin_13.o)
 .debug_aranges
                0x00000a68       0x48 .\CortexM0\ARM_GCC_493\Debug\Senior_Design.a(Pin_14.o)
 .debug_aranges
                0x00000ab0       0x48 .\CortexM0\ARM_GCC_493\Debug\Senior_Design.a(Pin_15.o)
 .debug_aranges
                0x00000af8       0x48 .\CortexM0\ARM_GCC_493\Debug\Senior_Design.a(Pin_16.o)
 .debug_aranges
                0x00000b40       0x80 .\CortexM0\ARM_GCC_493\Debug\Senior_Design.a(isr_uart_rx.o)
 .debug_aranges
                0x00000bc0       0x60 .\CortexM0\ARM_GCC_493\Debug\Senior_Design.a(UART_debug.o)
 .debug_aranges
                0x00000c20       0x60 .\CortexM0\ARM_GCC_493\Debug\Senior_Design.a(UART_debug_UART.o)
 .debug_aranges
                0x00000c80      0x158 .\CortexM0\ARM_GCC_493\Debug\Senior_Design.a(Timer_2.o)
 .debug_aranges
                0x00000dd8       0x20 .\CortexM0\ARM_GCC_493\Debug\Senior_Design.a(CyBootAsmGnu.o)
 .debug_aranges
                0x00000df8       0x60 .\CortexM0\ARM_GCC_493\Debug\Senior_Design.a(UART_debug_SPI_UART.o)

.debug_pubnames
 *(.debug_pubnames)

.debug_info     0x00000000     0x6a11
 *(.debug_info .gnu.linkonce.wi.*)
 .debug_info    0x00000000      0xa84 .\CortexM0\ARM_GCC_493\Debug\main.o
 .debug_info    0x00000a84       0xfe .\CortexM0\ARM_GCC_493\Debug\cymetadata.o
 .debug_info    0x00000b82      0x39a .\CortexM0\ARM_GCC_493\Debug\Cm0Start.o
 .debug_info    0x00000f1c      0x295 .\CortexM0\ARM_GCC_493\Debug\Senior_Design.a(cyfitter_cfg.o)
 .debug_info    0x000011b1      0x19d .\CortexM0\ARM_GCC_493\Debug\Senior_Design.a(Pin_1.o)
 .debug_info    0x0000134e      0x19d .\CortexM0\ARM_GCC_493\Debug\Senior_Design.a(Pin_2.o)
 .debug_info    0x000014eb      0x19d .\CortexM0\ARM_GCC_493\Debug\Senior_Design.a(Pin_3.o)
 .debug_info    0x00001688      0x239 .\CortexM0\ARM_GCC_493\Debug\Senior_Design.a(UART_1.o)
 .debug_info    0x000018c1      0x219 .\CortexM0\ARM_GCC_493\Debug\Senior_Design.a(UART_1_SPI_UART.o)
 .debug_info    0x00001ada      0x2c4 .\CortexM0\ARM_GCC_493\Debug\Senior_Design.a(UART_1_UART.o)
 .debug_info    0x00001d9e      0xb07 .\CortexM0\ARM_GCC_493\Debug\Senior_Design.a(CyLib.o)
 .debug_info    0x000028a5      0xcfc .\CortexM0\ARM_GCC_493\Debug\Senior_Design.a(CyLFClk.o)
 .debug_info    0x000035a1      0x8f1 .\CortexM0\ARM_GCC_493\Debug\Senior_Design.a(Timer_ms.o)
 .debug_info    0x00003e92      0x300 .\CortexM0\ARM_GCC_493\Debug\Senior_Design.a(isr_ms.o)
 .debug_info    0x00004192      0x19b .\CortexM0\ARM_GCC_493\Debug\Senior_Design.a(Pin_4.o)
 .debug_info    0x0000432d      0x19d .\CortexM0\ARM_GCC_493\Debug\Senior_Design.a(Pin_5.o)
 .debug_info    0x000044ca      0x19d .\CortexM0\ARM_GCC_493\Debug\Senior_Design.a(Pin_6.o)
 .debug_info    0x00004667      0x19d .\CortexM0\ARM_GCC_493\Debug\Senior_Design.a(Pin_7.o)
 .debug_info    0x00004804      0x19b .\CortexM0\ARM_GCC_493\Debug\Senior_Design.a(Pin_8.o)
 .debug_info    0x0000499f      0x19d .\CortexM0\ARM_GCC_493\Debug\Senior_Design.a(Pin_9.o)
 .debug_info    0x00004b3c      0x19d .\CortexM0\ARM_GCC_493\Debug\Senior_Design.a(Pin_10.o)
 .debug_info    0x00004cd9      0x19d .\CortexM0\ARM_GCC_493\Debug\Senior_Design.a(Pin_11.o)
 .debug_info    0x00004e76      0x19d .\CortexM0\ARM_GCC_493\Debug\Senior_Design.a(Pin_12.o)
 .debug_info    0x00005013      0x19d .\CortexM0\ARM_GCC_493\Debug\Senior_Design.a(Pin_13.o)
 .debug_info    0x000051b0      0x19d .\CortexM0\ARM_GCC_493\Debug\Senior_Design.a(Pin_14.o)
 .debug_info    0x0000534d      0x19b .\CortexM0\ARM_GCC_493\Debug\Senior_Design.a(Pin_15.o)
 .debug_info    0x000054e8      0x19d .\CortexM0\ARM_GCC_493\Debug\Senior_Design.a(Pin_16.o)
 .debug_info    0x00005685      0x300 .\CortexM0\ARM_GCC_493\Debug\Senior_Design.a(isr_uart_rx.o)
 .debug_info    0x00005985      0x239 .\CortexM0\ARM_GCC_493\Debug\Senior_Design.a(UART_debug.o)
 .debug_info    0x00005bbe      0x2c4 .\CortexM0\ARM_GCC_493\Debug\Senior_Design.a(UART_debug_UART.o)
 .debug_info    0x00005e82      0x8f1 .\CortexM0\ARM_GCC_493\Debug\Senior_Design.a(Timer_2.o)
 .debug_info    0x00006773       0x85 .\CortexM0\ARM_GCC_493\Debug\Senior_Design.a(CyBootAsmGnu.o)
 .debug_info    0x000067f8      0x219 .\CortexM0\ARM_GCC_493\Debug\Senior_Design.a(UART_debug_SPI_UART.o)

.debug_abbrev   0x00000000     0x23d0
 *(.debug_abbrev)
 .debug_abbrev  0x00000000      0x265 .\CortexM0\ARM_GCC_493\Debug\main.o
 .debug_abbrev  0x00000265       0x5d .\CortexM0\ARM_GCC_493\Debug\cymetadata.o
 .debug_abbrev  0x000002c2      0x1e6 .\CortexM0\ARM_GCC_493\Debug\Cm0Start.o
 .debug_abbrev  0x000004a8      0x18c .\CortexM0\ARM_GCC_493\Debug\Senior_Design.a(cyfitter_cfg.o)
 .debug_abbrev  0x00000634       0xc8 .\CortexM0\ARM_GCC_493\Debug\Senior_Design.a(Pin_1.o)
 .debug_abbrev  0x000006fc       0xc8 .\CortexM0\ARM_GCC_493\Debug\Senior_Design.a(Pin_2.o)
 .debug_abbrev  0x000007c4       0xc8 .\CortexM0\ARM_GCC_493\Debug\Senior_Design.a(Pin_3.o)
 .debug_abbrev  0x0000088c       0xed .\CortexM0\ARM_GCC_493\Debug\Senior_Design.a(UART_1.o)
 .debug_abbrev  0x00000979      0x14f .\CortexM0\ARM_GCC_493\Debug\Senior_Design.a(UART_1_SPI_UART.o)
 .debug_abbrev  0x00000ac8      0x13d .\CortexM0\ARM_GCC_493\Debug\Senior_Design.a(UART_1_UART.o)
 .debug_abbrev  0x00000c05      0x20d .\CortexM0\ARM_GCC_493\Debug\Senior_Design.a(CyLib.o)
 .debug_abbrev  0x00000e12      0x23b .\CortexM0\ARM_GCC_493\Debug\Senior_Design.a(CyLFClk.o)
 .debug_abbrev  0x0000104d      0x133 .\CortexM0\ARM_GCC_493\Debug\Senior_Design.a(Timer_ms.o)
 .debug_abbrev  0x00001180      0x1b4 .\CortexM0\ARM_GCC_493\Debug\Senior_Design.a(isr_ms.o)
 .debug_abbrev  0x00001334       0xc8 .\CortexM0\ARM_GCC_493\Debug\Senior_Design.a(Pin_4.o)
 .debug_abbrev  0x000013fc       0xc8 .\CortexM0\ARM_GCC_493\Debug\Senior_Design.a(Pin_5.o)
 .debug_abbrev  0x000014c4       0xc8 .\CortexM0\ARM_GCC_493\Debug\Senior_Design.a(Pin_6.o)
 .debug_abbrev  0x0000158c       0xc8 .\CortexM0\ARM_GCC_493\Debug\Senior_Design.a(Pin_7.o)
 .debug_abbrev  0x00001654       0xc8 .\CortexM0\ARM_GCC_493\Debug\Senior_Design.a(Pin_8.o)
 .debug_abbrev  0x0000171c       0xc8 .\CortexM0\ARM_GCC_493\Debug\Senior_Design.a(Pin_9.o)
 .debug_abbrev  0x000017e4       0xc8 .\CortexM0\ARM_GCC_493\Debug\Senior_Design.a(Pin_10.o)
 .debug_abbrev  0x000018ac       0xc8 .\CortexM0\ARM_GCC_493\Debug\Senior_Design.a(Pin_11.o)
 .debug_abbrev  0x00001974       0xc8 .\CortexM0\ARM_GCC_493\Debug\Senior_Design.a(Pin_12.o)
 .debug_abbrev  0x00001a3c       0xc8 .\CortexM0\ARM_GCC_493\Debug\Senior_Design.a(Pin_13.o)
 .debug_abbrev  0x00001b04       0xc8 .\CortexM0\ARM_GCC_493\Debug\Senior_Design.a(Pin_14.o)
 .debug_abbrev  0x00001bcc       0xc8 .\CortexM0\ARM_GCC_493\Debug\Senior_Design.a(Pin_15.o)
 .debug_abbrev  0x00001c94       0xc8 .\CortexM0\ARM_GCC_493\Debug\Senior_Design.a(Pin_16.o)
 .debug_abbrev  0x00001d5c      0x1b4 .\CortexM0\ARM_GCC_493\Debug\Senior_Design.a(isr_uart_rx.o)
 .debug_abbrev  0x00001f10       0xed .\CortexM0\ARM_GCC_493\Debug\Senior_Design.a(UART_debug.o)
 .debug_abbrev  0x00001ffd      0x13d .\CortexM0\ARM_GCC_493\Debug\Senior_Design.a(UART_debug_UART.o)
 .debug_abbrev  0x0000213a      0x133 .\CortexM0\ARM_GCC_493\Debug\Senior_Design.a(Timer_2.o)
 .debug_abbrev  0x0000226d       0x14 .\CortexM0\ARM_GCC_493\Debug\Senior_Design.a(CyBootAsmGnu.o)
 .debug_abbrev  0x00002281      0x14f .\CortexM0\ARM_GCC_493\Debug\Senior_Design.a(UART_debug_SPI_UART.o)

.debug_line     0x00000000     0x2dfe
 *(.debug_line)
 .debug_line    0x00000000      0x42f .\CortexM0\ARM_GCC_493\Debug\main.o
 .debug_line    0x0000042f       0x51 .\CortexM0\ARM_GCC_493\Debug\cymetadata.o
 .debug_line    0x00000480      0x24e .\CortexM0\ARM_GCC_493\Debug\Cm0Start.o
 .debug_line    0x000006ce      0x142 .\CortexM0\ARM_GCC_493\Debug\Senior_Design.a(cyfitter_cfg.o)
 .debug_line    0x00000810       0xbd .\CortexM0\ARM_GCC_493\Debug\Senior_Design.a(Pin_1.o)
 .debug_line    0x000008cd       0xbd .\CortexM0\ARM_GCC_493\Debug\Senior_Design.a(Pin_2.o)
 .debug_line    0x0000098a       0xbd .\CortexM0\ARM_GCC_493\Debug\Senior_Design.a(Pin_3.o)
 .debug_line    0x00000a47      0x12b .\CortexM0\ARM_GCC_493\Debug\Senior_Design.a(UART_1.o)
 .debug_line    0x00000b72      0x11c .\CortexM0\ARM_GCC_493\Debug\Senior_Design.a(UART_1_SPI_UART.o)
 .debug_line    0x00000c8e      0x152 .\CortexM0\ARM_GCC_493\Debug\Senior_Design.a(UART_1_UART.o)
 .debug_line    0x00000de0      0x460 .\CortexM0\ARM_GCC_493\Debug\Senior_Design.a(CyLib.o)
 .debug_line    0x00001240      0x467 .\CortexM0\ARM_GCC_493\Debug\Senior_Design.a(CyLFClk.o)
 .debug_line    0x000016a7      0x37c .\CortexM0\ARM_GCC_493\Debug\Senior_Design.a(Timer_ms.o)
 .debug_line    0x00001a23      0x152 .\CortexM0\ARM_GCC_493\Debug\Senior_Design.a(isr_ms.o)
 .debug_line    0x00001b75       0xbc .\CortexM0\ARM_GCC_493\Debug\Senior_Design.a(Pin_4.o)
 .debug_line    0x00001c31       0xbd .\CortexM0\ARM_GCC_493\Debug\Senior_Design.a(Pin_5.o)
 .debug_line    0x00001cee       0xbd .\CortexM0\ARM_GCC_493\Debug\Senior_Design.a(Pin_6.o)
 .debug_line    0x00001dab       0xbd .\CortexM0\ARM_GCC_493\Debug\Senior_Design.a(Pin_7.o)
 .debug_line    0x00001e68       0xbc .\CortexM0\ARM_GCC_493\Debug\Senior_Design.a(Pin_8.o)
 .debug_line    0x00001f24       0xbd .\CortexM0\ARM_GCC_493\Debug\Senior_Design.a(Pin_9.o)
 .debug_line    0x00001fe1       0xbe .\CortexM0\ARM_GCC_493\Debug\Senior_Design.a(Pin_10.o)
 .debug_line    0x0000209f       0xbe .\CortexM0\ARM_GCC_493\Debug\Senior_Design.a(Pin_11.o)
 .debug_line    0x0000215d       0xbe .\CortexM0\ARM_GCC_493\Debug\Senior_Design.a(Pin_12.o)
 .debug_line    0x0000221b       0xbe .\CortexM0\ARM_GCC_493\Debug\Senior_Design.a(Pin_13.o)
 .debug_line    0x000022d9       0xbe .\CortexM0\ARM_GCC_493\Debug\Senior_Design.a(Pin_14.o)
 .debug_line    0x00002397       0xbd .\CortexM0\ARM_GCC_493\Debug\Senior_Design.a(Pin_15.o)
 .debug_line    0x00002454       0xbe .\CortexM0\ARM_GCC_493\Debug\Senior_Design.a(Pin_16.o)
 .debug_line    0x00002512      0x157 .\CortexM0\ARM_GCC_493\Debug\Senior_Design.a(isr_uart_rx.o)
 .debug_line    0x00002669      0x133 .\CortexM0\ARM_GCC_493\Debug\Senior_Design.a(UART_debug.o)
 .debug_line    0x0000279c      0x15e .\CortexM0\ARM_GCC_493\Debug\Senior_Design.a(UART_debug_UART.o)
 .debug_line    0x000028fa      0x37b .\CortexM0\ARM_GCC_493\Debug\Senior_Design.a(Timer_2.o)
 .debug_line    0x00002c75       0x69 .\CortexM0\ARM_GCC_493\Debug\Senior_Design.a(CyBootAsmGnu.o)
 .debug_line    0x00002cde      0x120 .\CortexM0\ARM_GCC_493\Debug\Senior_Design.a(UART_debug_SPI_UART.o)

.debug_frame    0x00000000     0x22ac
 *(.debug_frame)
 .debug_frame   0x00000000      0x178 .\CortexM0\ARM_GCC_493\Debug\main.o
 .debug_frame   0x00000178       0xbc .\CortexM0\ARM_GCC_493\Debug\Cm0Start.o
 .debug_frame   0x00000234       0x68 .\CortexM0\ARM_GCC_493\Debug\Senior_Design.a(cyfitter_cfg.o)
 .debug_frame   0x0000029c       0x70 .\CortexM0\ARM_GCC_493\Debug\Senior_Design.a(Pin_1.o)
 .debug_frame   0x0000030c       0x70 .\CortexM0\ARM_GCC_493\Debug\Senior_Design.a(Pin_2.o)
 .debug_frame   0x0000037c       0x70 .\CortexM0\ARM_GCC_493\Debug\Senior_Design.a(Pin_3.o)
 .debug_frame   0x000003ec       0xe8 .\CortexM0\ARM_GCC_493\Debug\Senior_Design.a(UART_1.o)
 .debug_frame   0x000004d4       0xb0 .\CortexM0\ARM_GCC_493\Debug\Senior_Design.a(UART_1_SPI_UART.o)
 .debug_frame   0x00000584       0xe0 .\CortexM0\ARM_GCC_493\Debug\Senior_Design.a(UART_1_UART.o)
 .debug_frame   0x00000664      0x3e0 .\CortexM0\ARM_GCC_493\Debug\Senior_Design.a(CyLib.o)
 .debug_frame   0x00000a44      0x3a8 .\CortexM0\ARM_GCC_493\Debug\Senior_Design.a(CyLFClk.o)
 .debug_frame   0x00000dec      0x390 .\CortexM0\ARM_GCC_493\Debug\Senior_Design.a(Timer_ms.o)
 .debug_frame   0x0000117c      0x110 .\CortexM0\ARM_GCC_493\Debug\Senior_Design.a(isr_ms.o)
 .debug_frame   0x0000128c       0x70 .\CortexM0\ARM_GCC_493\Debug\Senior_Design.a(Pin_4.o)
 .debug_frame   0x000012fc       0x70 .\CortexM0\ARM_GCC_493\Debug\Senior_Design.a(Pin_5.o)
 .debug_frame   0x0000136c       0x70 .\CortexM0\ARM_GCC_493\Debug\Senior_Design.a(Pin_6.o)
 .debug_frame   0x000013dc       0x70 .\CortexM0\ARM_GCC_493\Debug\Senior_Design.a(Pin_7.o)
 .debug_frame   0x0000144c       0x70 .\CortexM0\ARM_GCC_493\Debug\Senior_Design.a(Pin_8.o)
 .debug_frame   0x000014bc       0x70 .\CortexM0\ARM_GCC_493\Debug\Senior_Design.a(Pin_9.o)
 .debug_frame   0x0000152c       0x70 .\CortexM0\ARM_GCC_493\Debug\Senior_Design.a(Pin_10.o)
 .debug_frame   0x0000159c       0x70 .\CortexM0\ARM_GCC_493\Debug\Senior_Design.a(Pin_11.o)
 .debug_frame   0x0000160c       0x70 .\CortexM0\ARM_GCC_493\Debug\Senior_Design.a(Pin_12.o)
 .debug_frame   0x0000167c       0x70 .\CortexM0\ARM_GCC_493\Debug\Senior_Design.a(Pin_13.o)
 .debug_frame   0x000016ec       0x70 .\CortexM0\ARM_GCC_493\Debug\Senior_Design.a(Pin_14.o)
 .debug_frame   0x0000175c       0x70 .\CortexM0\ARM_GCC_493\Debug\Senior_Design.a(Pin_15.o)
 .debug_frame   0x000017cc       0x70 .\CortexM0\ARM_GCC_493\Debug\Senior_Design.a(Pin_16.o)
 .debug_frame   0x0000183c      0x110 .\CortexM0\ARM_GCC_493\Debug\Senior_Design.a(isr_uart_rx.o)
 .debug_frame   0x0000194c       0xe8 .\CortexM0\ARM_GCC_493\Debug\Senior_Design.a(UART_debug.o)
 .debug_frame   0x00001a34       0xe0 .\CortexM0\ARM_GCC_493\Debug\Senior_Design.a(UART_debug_UART.o)
 .debug_frame   0x00001b14      0x390 .\CortexM0\ARM_GCC_493\Debug\Senior_Design.a(Timer_2.o)
 .debug_frame   0x00001ea4       0xb0 .\CortexM0\ARM_GCC_493\Debug\Senior_Design.a(UART_debug_SPI_UART.o)
 .debug_frame   0x00001f54       0x20 c:/program files (x86)/cypress/psoc creator/4.0/psoc creator/import/gnu/arm/4.9.3/bin/../lib/gcc/arm-none-eabi/4.9.3/armv6-m\libgcc.a(_udivsi3.o)
 .debug_frame   0x00001f74       0x20 c:/program files (x86)/cypress/psoc creator/4.0/psoc creator/import/gnu/arm/4.9.3/bin/../lib/gcc/arm-none-eabi/4.9.3/../../../../arm-none-eabi/lib/armv6-m\libg_nano.a(lib_a-errno.o)
 .debug_frame   0x00001f94       0x28 c:/program files (x86)/cypress/psoc creator/4.0/psoc creator/import/gnu/arm/4.9.3/bin/../lib/gcc/arm-none-eabi/4.9.3/../../../../arm-none-eabi/lib/armv6-m\libg_nano.a(lib_a-exit.o)
 .debug_frame   0x00001fbc       0x2c c:/program files (x86)/cypress/psoc creator/4.0/psoc creator/import/gnu/arm/4.9.3/bin/../lib/gcc/arm-none-eabi/4.9.3/../../../../arm-none-eabi/lib/armv6-m\libg_nano.a(lib_a-init.o)
 .debug_frame   0x00001fe8       0x20 c:/program files (x86)/cypress/psoc creator/4.0/psoc creator/import/gnu/arm/4.9.3/bin/../lib/gcc/arm-none-eabi/4.9.3/../../../../arm-none-eabi/lib/armv6-m\libg_nano.a(lib_a-memset.o)
 .debug_frame   0x00002008       0x50 c:/program files (x86)/cypress/psoc creator/4.0/psoc creator/import/gnu/arm/4.9.3/bin/../lib/gcc/arm-none-eabi/4.9.3/../../../../arm-none-eabi/lib/armv6-m\libg_nano.a(lib_a-sprintf.o)
 .debug_frame   0x00002058       0x74 c:/program files (x86)/cypress/psoc creator/4.0/psoc creator/import/gnu/arm/4.9.3/bin/../lib/gcc/arm-none-eabi/4.9.3/../../../../arm-none-eabi/lib/armv6-m\libg_nano.a(lib_a-nano-svfprintf.o)
 .debug_frame   0x000020cc       0x54 c:/program files (x86)/cypress/psoc creator/4.0/psoc creator/import/gnu/arm/4.9.3/bin/../lib/gcc/arm-none-eabi/4.9.3/../../../../arm-none-eabi/lib/armv6-m\libg_nano.a(lib_a-nano-vfprintf_i.o)
 .debug_frame   0x00002120       0x20 c:/program files (x86)/cypress/psoc creator/4.0/psoc creator/import/gnu/arm/4.9.3/bin/../lib/gcc/arm-none-eabi/4.9.3/../../../../arm-none-eabi/lib/armv6-m\libg_nano.a(lib_a-memchr.o)
 .debug_frame   0x00002140       0x28 c:/program files (x86)/cypress/psoc creator/4.0/psoc creator/import/gnu/arm/4.9.3/bin/../lib/gcc/arm-none-eabi/4.9.3/../../../../arm-none-eabi/lib/armv6-m\libg_nano.a(lib_a-memcpy.o)
 .debug_frame   0x00002168       0x28 c:/program files (x86)/cypress/psoc creator/4.0/psoc creator/import/gnu/arm/4.9.3/bin/../lib/gcc/arm-none-eabi/4.9.3/../../../../arm-none-eabi/lib/armv6-m\libg_nano.a(lib_a-memmove.o)
 .debug_frame   0x00002190       0x2c c:/program files (x86)/cypress/psoc creator/4.0/psoc creator/import/gnu/arm/4.9.3/bin/../lib/gcc/arm-none-eabi/4.9.3/../../../../arm-none-eabi/lib/armv6-m\libg_nano.a(lib_a-nano-freer.o)
 .debug_frame   0x000021bc       0x2c c:/program files (x86)/cypress/psoc creator/4.0/psoc creator/import/gnu/arm/4.9.3/bin/../lib/gcc/arm-none-eabi/4.9.3/../../../../arm-none-eabi/lib/armv6-m\libg_nano.a(lib_a-nano-mallocr.o)
 .debug_frame   0x000021e8       0x30 c:/program files (x86)/cypress/psoc creator/4.0/psoc creator/import/gnu/arm/4.9.3/bin/../lib/gcc/arm-none-eabi/4.9.3/../../../../arm-none-eabi/lib/armv6-m\libg_nano.a(lib_a-nano-reallocr.o)
 .debug_frame   0x00002218       0x2c c:/program files (x86)/cypress/psoc creator/4.0/psoc creator/import/gnu/arm/4.9.3/bin/../lib/gcc/arm-none-eabi/4.9.3/../../../../arm-none-eabi/lib/armv6-m\libg_nano.a(lib_a-sbrkr.o)
 .debug_frame   0x00002244       0x20 c:/program files (x86)/cypress/psoc creator/4.0/psoc creator/import/gnu/arm/4.9.3/bin/../lib/gcc/arm-none-eabi/4.9.3/../../../../arm-none-eabi/lib/armv6-m\libg_nano.a(lib_a-nano-msizer.o)
 .debug_frame   0x00002264       0x48 c:/program files (x86)/cypress/psoc creator/4.0/psoc creator/import/gnu/arm/4.9.3/bin/../lib/gcc/arm-none-eabi/4.9.3/../../../../arm-none-eabi/lib/armv6-m\libg_nano.a(lib_a-reent.o)

.debug_str      0x00000000     0x29cf
 *(.debug_str)
 .debug_str     0x00000000      0x5d0 .\CortexM0\ARM_GCC_493\Debug\main.o
                                0x619 (size before relaxing)
 .debug_str     0x000005d0       0x59 .\CortexM0\ARM_GCC_493\Debug\cymetadata.o
                                0x1c3 (size before relaxing)
 .debug_str     0x00000629      0x147 .\CortexM0\ARM_GCC_493\Debug\Cm0Start.o
                                0x2ea (size before relaxing)
 .debug_str     0x00000770       0x94 .\CortexM0\ARM_GCC_493\Debug\Senior_Design.a(cyfitter_cfg.o)
                                0x240 (size before relaxing)
 .debug_str     0x00000804       0xa5 .\CortexM0\ARM_GCC_493\Debug\Senior_Design.a(Pin_1.o)
                                0x22b (size before relaxing)
 .debug_str     0x000008a9       0x7b .\CortexM0\ARM_GCC_493\Debug\Senior_Design.a(Pin_2.o)
                                0x22b (size before relaxing)
 .debug_str     0x00000924       0x7b .\CortexM0\ARM_GCC_493\Debug\Senior_Design.a(Pin_3.o)
                                0x22b (size before relaxing)
 .debug_str     0x0000099f      0x12f .\CortexM0\ARM_GCC_493\Debug\Senior_Design.a(UART_1.o)
                                0x2ba (size before relaxing)
 .debug_str     0x00000ace      0x12f .\CortexM0\ARM_GCC_493\Debug\Senior_Design.a(UART_1_SPI_UART.o)
                                0x2cb (size before relaxing)
 .debug_str     0x00000bfd       0xb9 .\CortexM0\ARM_GCC_493\Debug\Senior_Design.a(UART_1_UART.o)
                                0x307 (size before relaxing)
 .debug_str     0x00000cb6      0x4cc .\CortexM0\ARM_GCC_493\Debug\Senior_Design.a(CyLib.o)
                                0x6ad (size before relaxing)
 .debug_str     0x00001182      0x52b .\CortexM0\ARM_GCC_493\Debug\Senior_Design.a(CyLFClk.o)
                                0x726 (size before relaxing)
 .debug_str     0x000016ad      0x43d .\CortexM0\ARM_GCC_493\Debug\Senior_Design.a(Timer_ms.o)
                                0x618 (size before relaxing)
 .debug_str     0x00001aea       0xf4 .\CortexM0\ARM_GCC_493\Debug\Senior_Design.a(isr_ms.o)
                                0x2e1 (size before relaxing)
 .debug_str     0x00001bde       0x7b .\CortexM0\ARM_GCC_493\Debug\Senior_Design.a(Pin_4.o)
                                0x22b (size before relaxing)
 .debug_str     0x00001c59       0x7b .\CortexM0\ARM_GCC_493\Debug\Senior_Design.a(Pin_5.o)
                                0x22b (size before relaxing)
 .debug_str     0x00001cd4       0x7b .\CortexM0\ARM_GCC_493\Debug\Senior_Design.a(Pin_6.o)
                                0x22b (size before relaxing)
 .debug_str     0x00001d4f       0x7b .\CortexM0\ARM_GCC_493\Debug\Senior_Design.a(Pin_7.o)
                                0x22b (size before relaxing)
 .debug_str     0x00001dca       0x7b .\CortexM0\ARM_GCC_493\Debug\Senior_Design.a(Pin_8.o)
                                0x22b (size before relaxing)
 .debug_str     0x00001e45       0x7b .\CortexM0\ARM_GCC_493\Debug\Senior_Design.a(Pin_9.o)
                                0x22b (size before relaxing)
 .debug_str     0x00001ec0       0x81 .\CortexM0\ARM_GCC_493\Debug\Senior_Design.a(Pin_10.o)
                                0x232 (size before relaxing)
 .debug_str     0x00001f41       0x81 .\CortexM0\ARM_GCC_493\Debug\Senior_Design.a(Pin_11.o)
                                0x232 (size before relaxing)
 .debug_str     0x00001fc2       0x81 .\CortexM0\ARM_GCC_493\Debug\Senior_Design.a(Pin_12.o)
                                0x232 (size before relaxing)
 .debug_str     0x00002043       0x81 .\CortexM0\ARM_GCC_493\Debug\Senior_Design.a(Pin_13.o)
                                0x232 (size before relaxing)
 .debug_str     0x000020c4       0x81 .\CortexM0\ARM_GCC_493\Debug\Senior_Design.a(Pin_14.o)
                                0x232 (size before relaxing)
 .debug_str     0x00002145       0x81 .\CortexM0\ARM_GCC_493\Debug\Senior_Design.a(Pin_15.o)
                                0x232 (size before relaxing)
 .debug_str     0x000021c6       0x81 .\CortexM0\ARM_GCC_493\Debug\Senior_Design.a(Pin_16.o)
                                0x232 (size before relaxing)
 .debug_str     0x00002247      0x126 .\CortexM0\ARM_GCC_493\Debug\Senior_Design.a(isr_uart_rx.o)
                                0x327 (size before relaxing)
 .debug_str     0x0000236d      0x14b .\CortexM0\ARM_GCC_493\Debug\Senior_Design.a(UART_debug.o)
                                0x2f6 (size before relaxing)
 .debug_str     0x000024b8      0x107 .\CortexM0\ARM_GCC_493\Debug\Senior_Design.a(UART_debug_UART.o)
                                0x33f (size before relaxing)
 .debug_str     0x000025bf      0x328 .\CortexM0\ARM_GCC_493\Debug\Senior_Design.a(Timer_2.o)
                                0x5ee (size before relaxing)
 .debug_str     0x000028e7       0xe8 .\CortexM0\ARM_GCC_493\Debug\Senior_Design.a(UART_debug_SPI_UART.o)
                                0x2f3 (size before relaxing)

.debug_loc      0x00000000     0x3330
 *(.debug_loc)
 .debug_loc     0x00000000      0x751 .\CortexM0\ARM_GCC_493\Debug\main.o
 .debug_loc     0x00000751      0x14f .\CortexM0\ARM_GCC_493\Debug\Cm0Start.o
 .debug_loc     0x000008a0       0xa9 .\CortexM0\ARM_GCC_493\Debug\Senior_Design.a(cyfitter_cfg.o)
 .debug_loc     0x00000949       0xa2 .\CortexM0\ARM_GCC_493\Debug\Senior_Design.a(Pin_1.o)
 .debug_loc     0x000009eb       0xa2 .\CortexM0\ARM_GCC_493\Debug\Senior_Design.a(Pin_2.o)
 .debug_loc     0x00000a8d       0xa2 .\CortexM0\ARM_GCC_493\Debug\Senior_Design.a(Pin_3.o)
 .debug_loc     0x00000b2f       0x7e .\CortexM0\ARM_GCC_493\Debug\Senior_Design.a(UART_1.o)
 .debug_loc     0x00000bad       0x96 .\CortexM0\ARM_GCC_493\Debug\Senior_Design.a(UART_1_SPI_UART.o)
 .debug_loc     0x00000c43      0x173 .\CortexM0\ARM_GCC_493\Debug\Senior_Design.a(UART_1_UART.o)
 .debug_loc     0x00000db6      0x5b5 .\CortexM0\ARM_GCC_493\Debug\Senior_Design.a(CyLib.o)
 .debug_loc     0x0000136b      0x9d5 .\CortexM0\ARM_GCC_493\Debug\Senior_Design.a(CyLFClk.o)
 .debug_loc     0x00001d40      0x547 .\CortexM0\ARM_GCC_493\Debug\Senior_Design.a(Timer_ms.o)
 .debug_loc     0x00002287       0x82 .\CortexM0\ARM_GCC_493\Debug\Senior_Design.a(isr_ms.o)
 .debug_loc     0x00002309       0x81 .\CortexM0\ARM_GCC_493\Debug\Senior_Design.a(Pin_4.o)
 .debug_loc     0x0000238a       0xa2 .\CortexM0\ARM_GCC_493\Debug\Senior_Design.a(Pin_5.o)
 .debug_loc     0x0000242c       0xa2 .\CortexM0\ARM_GCC_493\Debug\Senior_Design.a(Pin_6.o)
 .debug_loc     0x000024ce       0xa2 .\CortexM0\ARM_GCC_493\Debug\Senior_Design.a(Pin_7.o)
 .debug_loc     0x00002570       0x81 .\CortexM0\ARM_GCC_493\Debug\Senior_Design.a(Pin_8.o)
 .debug_loc     0x000025f1       0xa2 .\CortexM0\ARM_GCC_493\Debug\Senior_Design.a(Pin_9.o)
 .debug_loc     0x00002693       0xa2 .\CortexM0\ARM_GCC_493\Debug\Senior_Design.a(Pin_10.o)
 .debug_loc     0x00002735       0xa2 .\CortexM0\ARM_GCC_493\Debug\Senior_Design.a(Pin_11.o)
 .debug_loc     0x000027d7       0xa2 .\CortexM0\ARM_GCC_493\Debug\Senior_Design.a(Pin_12.o)
 .debug_loc     0x00002879       0xa2 .\CortexM0\ARM_GCC_493\Debug\Senior_Design.a(Pin_13.o)
 .debug_loc     0x0000291b       0xa2 .\CortexM0\ARM_GCC_493\Debug\Senior_Design.a(Pin_14.o)
 .debug_loc     0x000029bd       0x81 .\CortexM0\ARM_GCC_493\Debug\Senior_Design.a(Pin_15.o)
 .debug_loc     0x00002a3e       0xa2 .\CortexM0\ARM_GCC_493\Debug\Senior_Design.a(Pin_16.o)
 .debug_loc     0x00002ae0       0x82 .\CortexM0\ARM_GCC_493\Debug\Senior_Design.a(isr_uart_rx.o)
 .debug_loc     0x00002b62       0x7e .\CortexM0\ARM_GCC_493\Debug\Senior_Design.a(UART_debug.o)
 .debug_loc     0x00002be0      0x173 .\CortexM0\ARM_GCC_493\Debug\Senior_Design.a(UART_debug_UART.o)
 .debug_loc     0x00002d53      0x547 .\CortexM0\ARM_GCC_493\Debug\Senior_Design.a(Timer_2.o)
 .debug_loc     0x0000329a       0x96 .\CortexM0\ARM_GCC_493\Debug\Senior_Design.a(UART_debug_SPI_UART.o)

.debug_macinfo
 *(.debug_macinfo)

.debug_ranges   0x00000000      0xc48
 *(.debug_ranges)
 .debug_ranges  0x00000000       0x88 .\CortexM0\ARM_GCC_493\Debug\main.o
 .debug_ranges  0x00000088       0x38 .\CortexM0\ARM_GCC_493\Debug\Cm0Start.o
 .debug_ranges  0x000000c0       0x20 .\CortexM0\ARM_GCC_493\Debug\Senior_Design.a(cyfitter_cfg.o)
 .debug_ranges  0x000000e0       0x38 .\CortexM0\ARM_GCC_493\Debug\Senior_Design.a(Pin_1.o)
 .debug_ranges  0x00000118       0x38 .\CortexM0\ARM_GCC_493\Debug\Senior_Design.a(Pin_2.o)
 .debug_ranges  0x00000150       0x38 .\CortexM0\ARM_GCC_493\Debug\Senior_Design.a(Pin_3.o)
 .debug_ranges  0x00000188       0x50 .\CortexM0\ARM_GCC_493\Debug\Senior_Design.a(UART_1.o)
 .debug_ranges  0x000001d8       0x50 .\CortexM0\ARM_GCC_493\Debug\Senior_Design.a(UART_1_SPI_UART.o)
 .debug_ranges  0x00000228       0x50 .\CortexM0\ARM_GCC_493\Debug\Senior_Design.a(UART_1_UART.o)
 .debug_ranges  0x00000278      0x170 .\CortexM0\ARM_GCC_493\Debug\Senior_Design.a(CyLib.o)
 .debug_ranges  0x000003e8      0x128 .\CortexM0\ARM_GCC_493\Debug\Senior_Design.a(CyLFClk.o)
 .debug_ranges  0x00000510      0x148 .\CortexM0\ARM_GCC_493\Debug\Senior_Design.a(Timer_ms.o)
 .debug_ranges  0x00000658       0x70 .\CortexM0\ARM_GCC_493\Debug\Senior_Design.a(isr_ms.o)
 .debug_ranges  0x000006c8       0x38 .\CortexM0\ARM_GCC_493\Debug\Senior_Design.a(Pin_4.o)
 .debug_ranges  0x00000700       0x38 .\CortexM0\ARM_GCC_493\Debug\Senior_Design.a(Pin_5.o)
 .debug_ranges  0x00000738       0x38 .\CortexM0\ARM_GCC_493\Debug\Senior_Design.a(Pin_6.o)
 .debug_ranges  0x00000770       0x38 .\CortexM0\ARM_GCC_493\Debug\Senior_Design.a(Pin_7.o)
 .debug_ranges  0x000007a8       0x38 .\CortexM0\ARM_GCC_493\Debug\Senior_Design.a(Pin_8.o)
 .debug_ranges  0x000007e0       0x38 .\CortexM0\ARM_GCC_493\Debug\Senior_Design.a(Pin_9.o)
 .debug_ranges  0x00000818       0x38 .\CortexM0\ARM_GCC_493\Debug\Senior_Design.a(Pin_10.o)
 .debug_ranges  0x00000850       0x38 .\CortexM0\ARM_GCC_493\Debug\Senior_Design.a(Pin_11.o)
 .debug_ranges  0x00000888       0x38 .\CortexM0\ARM_GCC_493\Debug\Senior_Design.a(Pin_12.o)
 .debug_ranges  0x000008c0       0x38 .\CortexM0\ARM_GCC_493\Debug\Senior_Design.a(Pin_13.o)
 .debug_ranges  0x000008f8       0x38 .\CortexM0\ARM_GCC_493\Debug\Senior_Design.a(Pin_14.o)
 .debug_ranges  0x00000930       0x38 .\CortexM0\ARM_GCC_493\Debug\Senior_Design.a(Pin_15.o)
 .debug_ranges  0x00000968       0x38 .\CortexM0\ARM_GCC_493\Debug\Senior_Design.a(Pin_16.o)
 .debug_ranges  0x000009a0       0x70 .\CortexM0\ARM_GCC_493\Debug\Senior_Design.a(isr_uart_rx.o)
 .debug_ranges  0x00000a10       0x50 .\CortexM0\ARM_GCC_493\Debug\Senior_Design.a(UART_debug.o)
 .debug_ranges  0x00000a60       0x50 .\CortexM0\ARM_GCC_493\Debug\Senior_Design.a(UART_debug_UART.o)
 .debug_ranges  0x00000ab0      0x148 .\CortexM0\ARM_GCC_493\Debug\Senior_Design.a(Timer_2.o)
 .debug_ranges  0x00000bf8       0x50 .\CortexM0\ARM_GCC_493\Debug\Senior_Design.a(UART_debug_SPI_UART.o)

.comment        0x00000000       0x70
 .comment       0x00000000       0x70 .\CortexM0\ARM_GCC_493\Debug\main.o
                                 0x71 (size before relaxing)
 .comment       0x00000000       0x71 .\CortexM0\ARM_GCC_493\Debug\cymetadata.o
 .comment       0x00000000       0x71 .\CortexM0\ARM_GCC_493\Debug\Cm0Start.o
 .comment       0x00000000       0x71 .\CortexM0\ARM_GCC_493\Debug\Senior_Design.a(cyfitter_cfg.o)
 .comment       0x00000000       0x71 .\CortexM0\ARM_GCC_493\Debug\Senior_Design.a(Pin_1.o)
 .comment       0x00000000       0x71 .\CortexM0\ARM_GCC_493\Debug\Senior_Design.a(Pin_2.o)
 .comment       0x00000000       0x71 .\CortexM0\ARM_GCC_493\Debug\Senior_Design.a(Pin_3.o)
 .comment       0x00000000       0x71 .\CortexM0\ARM_GCC_493\Debug\Senior_Design.a(UART_1.o)
 .comment       0x00000000       0x71 .\CortexM0\ARM_GCC_493\Debug\Senior_Design.a(UART_1_SPI_UART.o)
 .comment       0x00000000       0x71 .\CortexM0\ARM_GCC_493\Debug\Senior_Design.a(UART_1_UART.o)
 .comment       0x00000000       0x71 .\CortexM0\ARM_GCC_493\Debug\Senior_Design.a(CyLib.o)
 .comment       0x00000000       0x71 .\CortexM0\ARM_GCC_493\Debug\Senior_Design.a(CyLFClk.o)
 .comment       0x00000000       0x71 .\CortexM0\ARM_GCC_493\Debug\Senior_Design.a(Timer_ms.o)
 .comment       0x00000000       0x71 .\CortexM0\ARM_GCC_493\Debug\Senior_Design.a(isr_ms.o)
 .comment       0x00000000       0x71 .\CortexM0\ARM_GCC_493\Debug\Senior_Design.a(Pin_4.o)
 .comment       0x00000000       0x71 .\CortexM0\ARM_GCC_493\Debug\Senior_Design.a(Pin_5.o)
 .comment       0x00000000       0x71 .\CortexM0\ARM_GCC_493\Debug\Senior_Design.a(Pin_6.o)
 .comment       0x00000000       0x71 .\CortexM0\ARM_GCC_493\Debug\Senior_Design.a(Pin_7.o)
 .comment       0x00000000       0x71 .\CortexM0\ARM_GCC_493\Debug\Senior_Design.a(Pin_8.o)
 .comment       0x00000000       0x71 .\CortexM0\ARM_GCC_493\Debug\Senior_Design.a(Pin_9.o)
 .comment       0x00000000       0x71 .\CortexM0\ARM_GCC_493\Debug\Senior_Design.a(Pin_10.o)
 .comment       0x00000000       0x71 .\CortexM0\ARM_GCC_493\Debug\Senior_Design.a(Pin_11.o)
 .comment       0x00000000       0x71 .\CortexM0\ARM_GCC_493\Debug\Senior_Design.a(Pin_12.o)
 .comment       0x00000000       0x71 .\CortexM0\ARM_GCC_493\Debug\Senior_Design.a(Pin_13.o)
 .comment       0x00000000       0x71 .\CortexM0\ARM_GCC_493\Debug\Senior_Design.a(Pin_14.o)
 .comment       0x00000000       0x71 .\CortexM0\ARM_GCC_493\Debug\Senior_Design.a(Pin_15.o)
 .comment       0x00000000       0x71 .\CortexM0\ARM_GCC_493\Debug\Senior_Design.a(Pin_16.o)
 .comment       0x00000000       0x71 .\CortexM0\ARM_GCC_493\Debug\Senior_Design.a(isr_uart_rx.o)
 .comment       0x00000000       0x71 .\CortexM0\ARM_GCC_493\Debug\Senior_Design.a(UART_debug.o)
 .comment       0x00000000       0x71 .\CortexM0\ARM_GCC_493\Debug\Senior_Design.a(UART_debug_UART.o)
 .comment       0x00000000       0x71 .\CortexM0\ARM_GCC_493\Debug\Senior_Design.a(Timer_2.o)
 .comment       0x00000000       0x71 .\CortexM0\ARM_GCC_493\Debug\Senior_Design.a(UART_debug_SPI_UART.o)

.debug_weaknames
 *(.debug_weaknames)

.debug_funcnames
 *(.debug_funcnames)

.debug_typenames
 *(.debug_typenames)

.debug_varnames
 *(.debug_varnames)

.note.gnu.arm.ident
 *(.note.gnu.arm.ident)

.ARM.attributes
                0x00000000       0x28
 *(.ARM.attributes)
 .ARM.attributes
                0x00000000       0x1e c:/program files (x86)/cypress/psoc creator/4.0/psoc creator/import/gnu/arm/4.9.3/bin/../lib/gcc/arm-none-eabi/4.9.3/armv6-m/crti.o
 .ARM.attributes
                0x0000001e       0x2c c:/program files (x86)/cypress/psoc creator/4.0/psoc creator/import/gnu/arm/4.9.3/bin/../lib/gcc/arm-none-eabi/4.9.3/armv6-m/crtbegin.o
 .ARM.attributes
                0x0000004a       0x1b c:/program files (x86)/cypress/psoc creator/4.0/psoc creator/import/gnu/arm/4.9.3/bin/../lib/gcc/arm-none-eabi/4.9.3/../../../../arm-none-eabi/lib/armv6-m/crt0.o
 .ARM.attributes
                0x00000065       0x31 .\CortexM0\ARM_GCC_493\Debug\main.o
 .ARM.attributes
                0x00000096       0x31 .\CortexM0\ARM_GCC_493\Debug\cymetadata.o
 .ARM.attributes
                0x000000c7       0x31 .\CortexM0\ARM_GCC_493\Debug\Cm0Start.o
 .ARM.attributes
                0x000000f8       0x31 .\CortexM0\ARM_GCC_493\Debug\Senior_Design.a(cyfitter_cfg.o)
 .ARM.attributes
                0x00000129       0x31 .\CortexM0\ARM_GCC_493\Debug\Senior_Design.a(Pin_1.o)
 .ARM.attributes
                0x0000015a       0x31 .\CortexM0\ARM_GCC_493\Debug\Senior_Design.a(Pin_2.o)
 .ARM.attributes
                0x0000018b       0x31 .\CortexM0\ARM_GCC_493\Debug\Senior_Design.a(Pin_3.o)
 .ARM.attributes
                0x000001bc       0x31 .\CortexM0\ARM_GCC_493\Debug\Senior_Design.a(UART_1.o)
 .ARM.attributes
                0x000001ed       0x31 .\CortexM0\ARM_GCC_493\Debug\Senior_Design.a(UART_1_SPI_UART.o)
 .ARM.attributes
                0x0000021e       0x31 .\CortexM0\ARM_GCC_493\Debug\Senior_Design.a(UART_1_UART.o)
 .ARM.attributes
                0x0000024f       0x31 .\CortexM0\ARM_GCC_493\Debug\Senior_Design.a(CyLib.o)
 .ARM.attributes
                0x00000280       0x31 .\CortexM0\ARM_GCC_493\Debug\Senior_Design.a(CyLFClk.o)
 .ARM.attributes
                0x000002b1       0x31 .\CortexM0\ARM_GCC_493\Debug\Senior_Design.a(Timer_ms.o)
 .ARM.attributes
                0x000002e2       0x31 .\CortexM0\ARM_GCC_493\Debug\Senior_Design.a(isr_ms.o)
 .ARM.attributes
                0x00000313       0x31 .\CortexM0\ARM_GCC_493\Debug\Senior_Design.a(Pin_4.o)
 .ARM.attributes
                0x00000344       0x31 .\CortexM0\ARM_GCC_493\Debug\Senior_Design.a(Pin_5.o)
 .ARM.attributes
                0x00000375       0x31 .\CortexM0\ARM_GCC_493\Debug\Senior_Design.a(Pin_6.o)
 .ARM.attributes
                0x000003a6       0x31 .\CortexM0\ARM_GCC_493\Debug\Senior_Design.a(Pin_7.o)
 .ARM.attributes
                0x000003d7       0x31 .\CortexM0\ARM_GCC_493\Debug\Senior_Design.a(Pin_8.o)
 .ARM.attributes
                0x00000408       0x31 .\CortexM0\ARM_GCC_493\Debug\Senior_Design.a(Pin_9.o)
 .ARM.attributes
                0x00000439       0x31 .\CortexM0\ARM_GCC_493\Debug\Senior_Design.a(Pin_10.o)
 .ARM.attributes
                0x0000046a       0x31 .\CortexM0\ARM_GCC_493\Debug\Senior_Design.a(Pin_11.o)
 .ARM.attributes
                0x0000049b       0x31 .\CortexM0\ARM_GCC_493\Debug\Senior_Design.a(Pin_12.o)
 .ARM.attributes
                0x000004cc       0x31 .\CortexM0\ARM_GCC_493\Debug\Senior_Design.a(Pin_13.o)
 .ARM.attributes
                0x000004fd       0x31 .\CortexM0\ARM_GCC_493\Debug\Senior_Design.a(Pin_14.o)
 .ARM.attributes
                0x0000052e       0x31 .\CortexM0\ARM_GCC_493\Debug\Senior_Design.a(Pin_15.o)
 .ARM.attributes
                0x0000055f       0x31 .\CortexM0\ARM_GCC_493\Debug\Senior_Design.a(Pin_16.o)
 .ARM.attributes
                0x00000590       0x31 .\CortexM0\ARM_GCC_493\Debug\Senior_Design.a(isr_uart_rx.o)
 .ARM.attributes
                0x000005c1       0x31 .\CortexM0\ARM_GCC_493\Debug\Senior_Design.a(UART_debug.o)
 .ARM.attributes
                0x000005f2       0x31 .\CortexM0\ARM_GCC_493\Debug\Senior_Design.a(UART_debug_UART.o)
 .ARM.attributes
                0x00000623       0x31 .\CortexM0\ARM_GCC_493\Debug\Senior_Design.a(Timer_2.o)
 .ARM.attributes
                0x00000654       0x21 .\CortexM0\ARM_GCC_493\Debug\Senior_Design.a(CyBootAsmGnu.o)
 .ARM.attributes
                0x00000675       0x31 .\CortexM0\ARM_GCC_493\Debug\Senior_Design.a(UART_debug_SPI_UART.o)
 .ARM.attributes
                0x000006a6       0x1e c:/program files (x86)/cypress/psoc creator/4.0/psoc creator/import/gnu/arm/4.9.3/bin/../lib/gcc/arm-none-eabi/4.9.3/armv6-m\libgcc.a(_udivsi3.o)
 .ARM.attributes
                0x000006c4       0x1e c:/program files (x86)/cypress/psoc creator/4.0/psoc creator/import/gnu/arm/4.9.3/bin/../lib/gcc/arm-none-eabi/4.9.3/armv6-m\libgcc.a(_dvmd_tls.o)
 .ARM.attributes
                0x000006e2       0x2c c:/program files (x86)/cypress/psoc creator/4.0/psoc creator/import/gnu/arm/4.9.3/bin/../lib/gcc/arm-none-eabi/4.9.3/../../../../arm-none-eabi/lib/armv6-m\libg_nano.a(lib_a-errno.o)
 .ARM.attributes
                0x0000070e       0x2c c:/program files (x86)/cypress/psoc creator/4.0/psoc creator/import/gnu/arm/4.9.3/bin/../lib/gcc/arm-none-eabi/4.9.3/../../../../arm-none-eabi/lib/armv6-m\libg_nano.a(lib_a-exit.o)
 .ARM.attributes
                0x0000073a       0x2c c:/program files (x86)/cypress/psoc creator/4.0/psoc creator/import/gnu/arm/4.9.3/bin/../lib/gcc/arm-none-eabi/4.9.3/../../../../arm-none-eabi/lib/armv6-m\libg_nano.a(lib_a-impure.o)
 .ARM.attributes
                0x00000766       0x2c c:/program files (x86)/cypress/psoc creator/4.0/psoc creator/import/gnu/arm/4.9.3/bin/../lib/gcc/arm-none-eabi/4.9.3/../../../../arm-none-eabi/lib/armv6-m\libg_nano.a(lib_a-init.o)
 .ARM.attributes
                0x00000792       0x2c c:/program files (x86)/cypress/psoc creator/4.0/psoc creator/import/gnu/arm/4.9.3/bin/../lib/gcc/arm-none-eabi/4.9.3/../../../../arm-none-eabi/lib/armv6-m\libg_nano.a(lib_a-memset.o)
 .ARM.attributes
                0x000007be       0x2c c:/program files (x86)/cypress/psoc creator/4.0/psoc creator/import/gnu/arm/4.9.3/bin/../lib/gcc/arm-none-eabi/4.9.3/../../../../arm-none-eabi/lib/armv6-m\libg_nano.a(lib_a-sprintf.o)
 .ARM.attributes
                0x000007ea       0x2c c:/program files (x86)/cypress/psoc creator/4.0/psoc creator/import/gnu/arm/4.9.3/bin/../lib/gcc/arm-none-eabi/4.9.3/../../../../arm-none-eabi/lib/armv6-m\libg_nano.a(lib_a-nano-svfprintf.o)
 .ARM.attributes
                0x00000816       0x2c c:/program files (x86)/cypress/psoc creator/4.0/psoc creator/import/gnu/arm/4.9.3/bin/../lib/gcc/arm-none-eabi/4.9.3/../../../../arm-none-eabi/lib/armv6-m\libg_nano.a(lib_a-nano-vfprintf_i.o)
 .ARM.attributes
                0x00000842       0x2c c:/program files (x86)/cypress/psoc creator/4.0/psoc creator/import/gnu/arm/4.9.3/bin/../lib/gcc/arm-none-eabi/4.9.3/../../../../arm-none-eabi/lib/armv6-m\libg_nano.a(lib_a-memchr.o)
 .ARM.attributes
                0x0000086e       0x2c c:/program files (x86)/cypress/psoc creator/4.0/psoc creator/import/gnu/arm/4.9.3/bin/../lib/gcc/arm-none-eabi/4.9.3/../../../../arm-none-eabi/lib/armv6-m\libg_nano.a(lib_a-memcpy.o)
 .ARM.attributes
                0x0000089a       0x2c c:/program files (x86)/cypress/psoc creator/4.0/psoc creator/import/gnu/arm/4.9.3/bin/../lib/gcc/arm-none-eabi/4.9.3/../../../../arm-none-eabi/lib/armv6-m\libg_nano.a(lib_a-memmove.o)
 .ARM.attributes
                0x000008c6       0x2c c:/program files (x86)/cypress/psoc creator/4.0/psoc creator/import/gnu/arm/4.9.3/bin/../lib/gcc/arm-none-eabi/4.9.3/../../../../arm-none-eabi/lib/armv6-m\libg_nano.a(lib_a-nano-freer.o)
 .ARM.attributes
                0x000008f2       0x2c c:/program files (x86)/cypress/psoc creator/4.0/psoc creator/import/gnu/arm/4.9.3/bin/../lib/gcc/arm-none-eabi/4.9.3/../../../../arm-none-eabi/lib/armv6-m\libg_nano.a(lib_a-nano-mallocr.o)
 .ARM.attributes
                0x0000091e       0x2c c:/program files (x86)/cypress/psoc creator/4.0/psoc creator/import/gnu/arm/4.9.3/bin/../lib/gcc/arm-none-eabi/4.9.3/../../../../arm-none-eabi/lib/armv6-m\libg_nano.a(lib_a-nano-reallocr.o)
 .ARM.attributes
                0x0000094a       0x2c c:/program files (x86)/cypress/psoc creator/4.0/psoc creator/import/gnu/arm/4.9.3/bin/../lib/gcc/arm-none-eabi/4.9.3/../../../../arm-none-eabi/lib/armv6-m\libg_nano.a(lib_a-sbrkr.o)
 .ARM.attributes
                0x00000976       0x2c c:/program files (x86)/cypress/psoc creator/4.0/psoc creator/import/gnu/arm/4.9.3/bin/../lib/gcc/arm-none-eabi/4.9.3/../../../../arm-none-eabi/lib/armv6-m\libg_nano.a(lib_a-nano-msizer.o)
 .ARM.attributes
                0x000009a2       0x2c c:/program files (x86)/cypress/psoc creator/4.0/psoc creator/import/gnu/arm/4.9.3/bin/../lib/gcc/arm-none-eabi/4.9.3/../../../../arm-none-eabi/lib/armv6-m\libg_nano.a(lib_a-reent.o)
 .ARM.attributes
                0x000009ce       0x2c c:/program files (x86)/cypress/psoc creator/4.0/psoc creator/import/gnu/arm/4.9.3/bin/../lib/gcc/arm-none-eabi/4.9.3/armv6-m/crtend.o
 .ARM.attributes
                0x000009fa       0x1e c:/program files (x86)/cypress/psoc creator/4.0/psoc creator/import/gnu/arm/4.9.3/bin/../lib/gcc/arm-none-eabi/4.9.3/armv6-m/crtn.o

/DISCARD/
 *(.note.GNU-stack)
OUTPUT(.\CortexM0\ARM_GCC_493\Debug\Senior_Design.elf elf32-littlearm)
