ARM GAS  C:\Users\Feiyang\AppData\Local\Temp\ccCV88WC.s 			page 1


   1              		.cpu cortex-m0
   2              		.fpu softvfp
   3              		.eabi_attribute 20, 1
   4              		.eabi_attribute 21, 1
   5              		.eabi_attribute 23, 3
   6              		.eabi_attribute 24, 1
   7              		.eabi_attribute 25, 1
   8              		.eabi_attribute 26, 1
   9              		.eabi_attribute 30, 1
  10              		.eabi_attribute 34, 0
  11              		.eabi_attribute 18, 4
  12              		.code	16
  13              		.file	"CRC_1_PM.c"
  14              		.text
  15              	.Ltext0:
  16              		.cfi_sections	.debug_frame
  17              		.section	.text.CRC_1_SaveConfig,"ax",%progbits
  18              		.align	2
  19              		.global	CRC_1_SaveConfig
  20              		.code	16
  21              		.thumb_func
  22              		.type	CRC_1_SaveConfig, %function
  23              	CRC_1_SaveConfig:
  24              	.LFB0:
  25              		.file 1 "Generated_Source\\PSoC4\\CRC_1_PM.c"
   1:Generated_Source\PSoC4/CRC_1_PM.c **** /*******************************************************************************
   2:Generated_Source\PSoC4/CRC_1_PM.c **** * File Name: CRC_1_PM.c
   3:Generated_Source\PSoC4/CRC_1_PM.c **** * Version 2.40
   4:Generated_Source\PSoC4/CRC_1_PM.c **** *
   5:Generated_Source\PSoC4/CRC_1_PM.c **** * Description:
   6:Generated_Source\PSoC4/CRC_1_PM.c **** *  This file provides Sleep APIs for CRC component.
   7:Generated_Source\PSoC4/CRC_1_PM.c **** *
   8:Generated_Source\PSoC4/CRC_1_PM.c **** * Note:
   9:Generated_Source\PSoC4/CRC_1_PM.c **** *  None
  10:Generated_Source\PSoC4/CRC_1_PM.c **** *
  11:Generated_Source\PSoC4/CRC_1_PM.c **** ********************************************************************************
  12:Generated_Source\PSoC4/CRC_1_PM.c **** * Copyright 2008-2013, Cypress Semiconductor Corporation.  All rights reserved.
  13:Generated_Source\PSoC4/CRC_1_PM.c **** * You may use this file only in accordance with the license, terms, conditions, 
  14:Generated_Source\PSoC4/CRC_1_PM.c **** * disclaimers, and limitations in the end user license agreement accompanying 
  15:Generated_Source\PSoC4/CRC_1_PM.c **** * the software package with which this file was provided.
  16:Generated_Source\PSoC4/CRC_1_PM.c **** *******************************************************************************/
  17:Generated_Source\PSoC4/CRC_1_PM.c **** 
  18:Generated_Source\PSoC4/CRC_1_PM.c **** #include "CRC_1.h"
  19:Generated_Source\PSoC4/CRC_1_PM.c **** 
  20:Generated_Source\PSoC4/CRC_1_PM.c **** 
  21:Generated_Source\PSoC4/CRC_1_PM.c **** /*******************************************************************************
  22:Generated_Source\PSoC4/CRC_1_PM.c **** * Function Name: CRC_1_SaveConfig
  23:Generated_Source\PSoC4/CRC_1_PM.c **** ********************************************************************************
  24:Generated_Source\PSoC4/CRC_1_PM.c **** *
  25:Generated_Source\PSoC4/CRC_1_PM.c **** * Summary:
  26:Generated_Source\PSoC4/CRC_1_PM.c **** *  Saves seed and polynomial registers.
  27:Generated_Source\PSoC4/CRC_1_PM.c **** *
  28:Generated_Source\PSoC4/CRC_1_PM.c **** * Parameters:
  29:Generated_Source\PSoC4/CRC_1_PM.c **** *  void
  30:Generated_Source\PSoC4/CRC_1_PM.c **** *
  31:Generated_Source\PSoC4/CRC_1_PM.c **** * Return:
  32:Generated_Source\PSoC4/CRC_1_PM.c **** *  void
ARM GAS  C:\Users\Feiyang\AppData\Local\Temp\ccCV88WC.s 			page 2


  33:Generated_Source\PSoC4/CRC_1_PM.c **** *
  34:Generated_Source\PSoC4/CRC_1_PM.c **** * Global Variables:
  35:Generated_Source\PSoC4/CRC_1_PM.c **** *  CRC_1_backup - modified when non-retention registers are saved.
  36:Generated_Source\PSoC4/CRC_1_PM.c **** *
  37:Generated_Source\PSoC4/CRC_1_PM.c **** *******************************************************************************/
  38:Generated_Source\PSoC4/CRC_1_PM.c **** void CRC_1_SaveConfig(void) 
  39:Generated_Source\PSoC4/CRC_1_PM.c **** {       
  26              		.loc 1 39 0
  27              		.cfi_startproc
  40:Generated_Source\PSoC4/CRC_1_PM.c ****     /* Save D0 and D1 registers are none-retention for Panther ES1 */
  41:Generated_Source\PSoC4/CRC_1_PM.c ****     #if (CY_UDB_V0)
  42:Generated_Source\PSoC4/CRC_1_PM.c ****     
  43:Generated_Source\PSoC4/CRC_1_PM.c ****         #if(CRC_1_CRC_SIZE <= 32u)
  44:Generated_Source\PSoC4/CRC_1_PM.c ****             CRC_1_backup.polynomial = CRC_1_ReadPolynomial();
  45:Generated_Source\PSoC4/CRC_1_PM.c ****             
  46:Generated_Source\PSoC4/CRC_1_PM.c ****         #else
  47:Generated_Source\PSoC4/CRC_1_PM.c ****             CRC_1_backup.polynomialUpper = CRC_1_ReadPolynomialUpper();
  48:Generated_Source\PSoC4/CRC_1_PM.c ****             CRC_1_backup.polynomialLower = CRC_1_ReadPolynomialLower();
  49:Generated_Source\PSoC4/CRC_1_PM.c ****             
  50:Generated_Source\PSoC4/CRC_1_PM.c ****         #endif  /* End (CRC_1_CRC_SIZE <= 32u) */
  51:Generated_Source\PSoC4/CRC_1_PM.c ****         
  52:Generated_Source\PSoC4/CRC_1_PM.c ****     #endif  /* End (CY_UDB_V0) */
  53:Generated_Source\PSoC4/CRC_1_PM.c **** }
  28              		.loc 1 53 0
  29              		@ sp needed
  30 0000 7047     		bx	lr
  31              		.cfi_endproc
  32              	.LFE0:
  33              		.size	CRC_1_SaveConfig, .-CRC_1_SaveConfig
  34 0002 C046     		.section	.text.CRC_1_Sleep,"ax",%progbits
  35              		.align	2
  36              		.global	CRC_1_Sleep
  37              		.code	16
  38              		.thumb_func
  39              		.type	CRC_1_Sleep, %function
  40              	CRC_1_Sleep:
  41              	.LFB1:
  54:Generated_Source\PSoC4/CRC_1_PM.c **** 
  55:Generated_Source\PSoC4/CRC_1_PM.c **** 
  56:Generated_Source\PSoC4/CRC_1_PM.c **** /*******************************************************************************
  57:Generated_Source\PSoC4/CRC_1_PM.c **** * Function Name: CRC_1_Sleep
  58:Generated_Source\PSoC4/CRC_1_PM.c **** ********************************************************************************
  59:Generated_Source\PSoC4/CRC_1_PM.c **** *
  60:Generated_Source\PSoC4/CRC_1_PM.c **** * Summary:
  61:Generated_Source\PSoC4/CRC_1_PM.c **** *  Stops CRC computation and saves CRC configuration.
  62:Generated_Source\PSoC4/CRC_1_PM.c **** *
  63:Generated_Source\PSoC4/CRC_1_PM.c **** * Parameters:
  64:Generated_Source\PSoC4/CRC_1_PM.c **** *  void
  65:Generated_Source\PSoC4/CRC_1_PM.c **** *
  66:Generated_Source\PSoC4/CRC_1_PM.c **** * Return:
  67:Generated_Source\PSoC4/CRC_1_PM.c **** *  void
  68:Generated_Source\PSoC4/CRC_1_PM.c **** *
  69:Generated_Source\PSoC4/CRC_1_PM.c **** * Global Variables:
  70:Generated_Source\PSoC4/CRC_1_PM.c **** *  CRC_1_backup - modified when non-retention registers are saved.
  71:Generated_Source\PSoC4/CRC_1_PM.c **** *
  72:Generated_Source\PSoC4/CRC_1_PM.c **** *******************************************************************************/
  73:Generated_Source\PSoC4/CRC_1_PM.c **** void CRC_1_Sleep(void) 
ARM GAS  C:\Users\Feiyang\AppData\Local\Temp\ccCV88WC.s 			page 3


  74:Generated_Source\PSoC4/CRC_1_PM.c **** {
  42              		.loc 1 74 0
  43              		.cfi_startproc
  44 0000 08B5     		push	{r3, lr}
  45              		.cfi_def_cfa_offset 8
  46              		.cfi_offset 3, -8
  47              		.cfi_offset 14, -4
  75:Generated_Source\PSoC4/CRC_1_PM.c ****     /* Store CRC enable state */
  76:Generated_Source\PSoC4/CRC_1_PM.c ****     if(0u != (CRC_1_CONTROL_REG & CRC_1_CTRL_ENABLE))
  48              		.loc 1 76 0
  49 0002 074B     		ldr	r3, .L5
  50 0004 1B78     		ldrb	r3, [r3]
  51 0006 DB07     		lsl	r3, r3, #31
  52 0008 05D5     		bpl	.L3
  77:Generated_Source\PSoC4/CRC_1_PM.c ****     {
  78:Generated_Source\PSoC4/CRC_1_PM.c ****         CRC_1_backup.enableState = 1u;
  53              		.loc 1 78 0
  54 000a 0122     		mov	r2, #1
  55 000c 054B     		ldr	r3, .L5+4
  56 000e 1A70     		strb	r2, [r3]
  79:Generated_Source\PSoC4/CRC_1_PM.c ****         CRC_1_Stop();
  57              		.loc 1 79 0
  58 0010 FFF7FEFF 		bl	CRC_1_Stop
  59              	.LVL0:
  60 0014 02E0     		b	.L2
  61              	.L3:
  80:Generated_Source\PSoC4/CRC_1_PM.c ****     }
  81:Generated_Source\PSoC4/CRC_1_PM.c ****     else
  82:Generated_Source\PSoC4/CRC_1_PM.c ****     {
  83:Generated_Source\PSoC4/CRC_1_PM.c ****         CRC_1_backup.enableState = 0u;
  62              		.loc 1 83 0
  63 0016 0022     		mov	r2, #0
  64 0018 024B     		ldr	r3, .L5+4
  65 001a 1A70     		strb	r2, [r3]
  66              	.L2:
  84:Generated_Source\PSoC4/CRC_1_PM.c ****     }
  85:Generated_Source\PSoC4/CRC_1_PM.c ****     
  86:Generated_Source\PSoC4/CRC_1_PM.c ****     CRC_1_SaveConfig();
  87:Generated_Source\PSoC4/CRC_1_PM.c **** }
  67              		.loc 1 87 0
  68              		@ sp needed
  69 001c 08BD     		pop	{r3, pc}
  70              	.L6:
  71 001e C046     		.align	2
  72              	.L5:
  73 0020 71000F40 		.word	1074724977
  74 0024 00000000 		.word	CRC_1_backup
  75              		.cfi_endproc
  76              	.LFE1:
  77              		.size	CRC_1_Sleep, .-CRC_1_Sleep
  78              		.section	.text.CRC_1_RestoreConfig,"ax",%progbits
  79              		.align	2
  80              		.global	CRC_1_RestoreConfig
  81              		.code	16
  82              		.thumb_func
  83              		.type	CRC_1_RestoreConfig, %function
  84              	CRC_1_RestoreConfig:
ARM GAS  C:\Users\Feiyang\AppData\Local\Temp\ccCV88WC.s 			page 4


  85              	.LFB2:
  88:Generated_Source\PSoC4/CRC_1_PM.c **** 
  89:Generated_Source\PSoC4/CRC_1_PM.c **** 
  90:Generated_Source\PSoC4/CRC_1_PM.c **** /*******************************************************************************
  91:Generated_Source\PSoC4/CRC_1_PM.c **** * Function Name: CRC_1_RestoreConfig
  92:Generated_Source\PSoC4/CRC_1_PM.c **** ********************************************************************************
  93:Generated_Source\PSoC4/CRC_1_PM.c **** *
  94:Generated_Source\PSoC4/CRC_1_PM.c **** * Summary:
  95:Generated_Source\PSoC4/CRC_1_PM.c **** *  Restores seed and polynomial registers.
  96:Generated_Source\PSoC4/CRC_1_PM.c **** *
  97:Generated_Source\PSoC4/CRC_1_PM.c **** * Parameters:
  98:Generated_Source\PSoC4/CRC_1_PM.c **** *  void
  99:Generated_Source\PSoC4/CRC_1_PM.c **** *
 100:Generated_Source\PSoC4/CRC_1_PM.c **** * Return:
 101:Generated_Source\PSoC4/CRC_1_PM.c **** *  void
 102:Generated_Source\PSoC4/CRC_1_PM.c **** *
 103:Generated_Source\PSoC4/CRC_1_PM.c **** *******************************************************************************/
 104:Generated_Source\PSoC4/CRC_1_PM.c **** void CRC_1_RestoreConfig(void) 
 105:Generated_Source\PSoC4/CRC_1_PM.c **** {      
  86              		.loc 1 105 0
  87              		.cfi_startproc
  88 0000 08B5     		push	{r3, lr}
  89              		.cfi_def_cfa_offset 8
  90              		.cfi_offset 3, -8
  91              		.cfi_offset 14, -4
 106:Generated_Source\PSoC4/CRC_1_PM.c ****     /* Restore D0 and D1 registers are none-retention for Panther ES1 */
 107:Generated_Source\PSoC4/CRC_1_PM.c ****     #if (CY_UDB_V0)
 108:Generated_Source\PSoC4/CRC_1_PM.c ****     
 109:Generated_Source\PSoC4/CRC_1_PM.c ****         #if(CRC_1_CRC_SIZE <= 32u)
 110:Generated_Source\PSoC4/CRC_1_PM.c ****             CRC_1_WritePolynomial(CRC_1_backup.polynomial);
 111:Generated_Source\PSoC4/CRC_1_PM.c ****             
 112:Generated_Source\PSoC4/CRC_1_PM.c ****         #else
 113:Generated_Source\PSoC4/CRC_1_PM.c ****             CRC_1_WritePolynomialUpper(CRC_1_backup.polynomialUpper);
 114:Generated_Source\PSoC4/CRC_1_PM.c ****             CRC_1_WritePolynomialLower(CRC_1_backup.polynomialLower);
 115:Generated_Source\PSoC4/CRC_1_PM.c ****             
 116:Generated_Source\PSoC4/CRC_1_PM.c ****         #endif  /* End (CY_UDB_V0) */
 117:Generated_Source\PSoC4/CRC_1_PM.c ****         
 118:Generated_Source\PSoC4/CRC_1_PM.c ****     #endif  /* End (CRC_1_CRC_SIZE <= 32u) */
 119:Generated_Source\PSoC4/CRC_1_PM.c ****     
 120:Generated_Source\PSoC4/CRC_1_PM.c ****     #if (CRC_1_CRC_SIZE <= 32u)
 121:Generated_Source\PSoC4/CRC_1_PM.c ****         CRC_1_WriteSeed(CRC_1_DEFAULT_SEED);                        
  92              		.loc 1 121 0
  93 0002 0020     		mov	r0, #0
  94 0004 FFF7FEFF 		bl	CRC_1_WriteSeed
  95              	.LVL1:
 122:Generated_Source\PSoC4/CRC_1_PM.c ****     #else
 123:Generated_Source\PSoC4/CRC_1_PM.c ****         CRC_1_WriteSeedUpper(CRC_1_DEFAULT_SEED_UPPER);
 124:Generated_Source\PSoC4/CRC_1_PM.c ****         CRC_1_WriteSeedLower(CRC_1_DEFAULT_SEED_LOWER); 
 125:Generated_Source\PSoC4/CRC_1_PM.c ****     #endif  /* End (CRC_1_CRC_SIZE <= 32u) */
 126:Generated_Source\PSoC4/CRC_1_PM.c ****     
 127:Generated_Source\PSoC4/CRC_1_PM.c ****     #if (CRC_1_CRC_SIZE <= 32u)
 128:Generated_Source\PSoC4/CRC_1_PM.c ****         CRC_1_ResetSeedInit(CRC_1_DEFAULT_SEED);                        
  96              		.loc 1 128 0
  97 0008 0020     		mov	r0, #0
  98 000a FFF7FEFF 		bl	CRC_1_ResetSeedInit
  99              	.LVL2:
 129:Generated_Source\PSoC4/CRC_1_PM.c ****     #else
ARM GAS  C:\Users\Feiyang\AppData\Local\Temp\ccCV88WC.s 			page 5


 130:Generated_Source\PSoC4/CRC_1_PM.c ****         CRC_1_ResetSeedInitUpper(CRC_1_DEFAULT_SEED_UPPER);
 131:Generated_Source\PSoC4/CRC_1_PM.c ****         CRC_1_ResetSeedInitLower(CRC_1_DEFAULT_SEED_LOWER); 
 132:Generated_Source\PSoC4/CRC_1_PM.c ****     #endif  /* End (CRC_1_CRC_SIZE <= 32u) */
 133:Generated_Source\PSoC4/CRC_1_PM.c **** }
 100              		.loc 1 133 0
 101              		@ sp needed
 102 000e 08BD     		pop	{r3, pc}
 103              		.cfi_endproc
 104              	.LFE2:
 105              		.size	CRC_1_RestoreConfig, .-CRC_1_RestoreConfig
 106              		.section	.text.CRC_1_Wakeup,"ax",%progbits
 107              		.align	2
 108              		.global	CRC_1_Wakeup
 109              		.code	16
 110              		.thumb_func
 111              		.type	CRC_1_Wakeup, %function
 112              	CRC_1_Wakeup:
 113              	.LFB3:
 134:Generated_Source\PSoC4/CRC_1_PM.c **** 
 135:Generated_Source\PSoC4/CRC_1_PM.c **** 
 136:Generated_Source\PSoC4/CRC_1_PM.c **** /*******************************************************************************
 137:Generated_Source\PSoC4/CRC_1_PM.c **** * Function Name: CRC_1_Wakeup
 138:Generated_Source\PSoC4/CRC_1_PM.c **** ********************************************************************************
 139:Generated_Source\PSoC4/CRC_1_PM.c **** *
 140:Generated_Source\PSoC4/CRC_1_PM.c **** * Summary:
 141:Generated_Source\PSoC4/CRC_1_PM.c **** *  Restores CRC configuration and starts CRC computation. 
 142:Generated_Source\PSoC4/CRC_1_PM.c **** *
 143:Generated_Source\PSoC4/CRC_1_PM.c **** * Parameters:
 144:Generated_Source\PSoC4/CRC_1_PM.c **** *  void
 145:Generated_Source\PSoC4/CRC_1_PM.c **** *
 146:Generated_Source\PSoC4/CRC_1_PM.c **** * Return:
 147:Generated_Source\PSoC4/CRC_1_PM.c **** *  void
 148:Generated_Source\PSoC4/CRC_1_PM.c **** * 
 149:Generated_Source\PSoC4/CRC_1_PM.c **** *******************************************************************************/
 150:Generated_Source\PSoC4/CRC_1_PM.c **** void CRC_1_Wakeup(void) 
 151:Generated_Source\PSoC4/CRC_1_PM.c **** {
 114              		.loc 1 151 0
 115              		.cfi_startproc
 116 0000 08B5     		push	{r3, lr}
 117              		.cfi_def_cfa_offset 8
 118              		.cfi_offset 3, -8
 119              		.cfi_offset 14, -4
 152:Generated_Source\PSoC4/CRC_1_PM.c ****     CRC_1_RestoreConfig();
 120              		.loc 1 152 0
 121 0002 FFF7FEFF 		bl	CRC_1_RestoreConfig
 122              	.LVL3:
 153:Generated_Source\PSoC4/CRC_1_PM.c ****     
 154:Generated_Source\PSoC4/CRC_1_PM.c ****     /* Restore CRC enable state */
 155:Generated_Source\PSoC4/CRC_1_PM.c ****     if (CRC_1_backup.enableState != 0u)
 123              		.loc 1 155 0
 124 0006 034B     		ldr	r3, .L10
 125 0008 1B78     		ldrb	r3, [r3]
 126 000a 002B     		cmp	r3, #0
 127 000c 01D0     		beq	.L8
 156:Generated_Source\PSoC4/CRC_1_PM.c ****     {
 157:Generated_Source\PSoC4/CRC_1_PM.c ****         CRC_1_Enable();
 128              		.loc 1 157 0
ARM GAS  C:\Users\Feiyang\AppData\Local\Temp\ccCV88WC.s 			page 6


 129 000e FFF7FEFF 		bl	CRC_1_Enable
 130              	.LVL4:
 131              	.L8:
 158:Generated_Source\PSoC4/CRC_1_PM.c ****     }
 159:Generated_Source\PSoC4/CRC_1_PM.c **** }
 132              		.loc 1 159 0
 133              		@ sp needed
 134 0012 08BD     		pop	{r3, pc}
 135              	.L11:
 136              		.align	2
 137              	.L10:
 138 0014 00000000 		.word	CRC_1_backup
 139              		.cfi_endproc
 140              	.LFE3:
 141              		.size	CRC_1_Wakeup, .-CRC_1_Wakeup
 142              		.text
 143              	.Letext0:
 144              		.file 2 "Generated_Source\\PSoC4\\cytypes.h"
 145              		.file 3 "Generated_Source\\PSoC4\\CRC_1.h"
 146              		.section	.debug_info,"",%progbits
 147              	.Ldebug_info0:
 148 0000 98010000 		.4byte	0x198
 149 0004 0400     		.2byte	0x4
 150 0006 00000000 		.4byte	.Ldebug_abbrev0
 151 000a 04       		.byte	0x4
 152 000b 01       		.uleb128 0x1
 153 000c 87010000 		.4byte	.LASF24
 154 0010 01       		.byte	0x1
 155 0011 99000000 		.4byte	.LASF25
 156 0015 34000000 		.4byte	.LASF26
 157 0019 00000000 		.4byte	.Ldebug_ranges0+0
 158 001d 00000000 		.4byte	0
 159 0021 00000000 		.4byte	.Ldebug_line0
 160 0025 02       		.uleb128 0x2
 161 0026 01       		.byte	0x1
 162 0027 06       		.byte	0x6
 163 0028 2D020000 		.4byte	.LASF0
 164 002c 02       		.uleb128 0x2
 165 002d 01       		.byte	0x1
 166 002e 08       		.byte	0x8
 167 002f C1000000 		.4byte	.LASF1
 168 0033 02       		.uleb128 0x2
 169 0034 02       		.byte	0x2
 170 0035 05       		.byte	0x5
 171 0036 15020000 		.4byte	.LASF2
 172 003a 02       		.uleb128 0x2
 173 003b 02       		.byte	0x2
 174 003c 07       		.byte	0x7
 175 003d 65000000 		.4byte	.LASF3
 176 0041 02       		.uleb128 0x2
 177 0042 04       		.byte	0x4
 178 0043 05       		.byte	0x5
 179 0044 1F020000 		.4byte	.LASF4
 180 0048 02       		.uleb128 0x2
 181 0049 04       		.byte	0x4
 182 004a 07       		.byte	0x7
 183 004b E4000000 		.4byte	.LASF5
ARM GAS  C:\Users\Feiyang\AppData\Local\Temp\ccCV88WC.s 			page 7


 184 004f 02       		.uleb128 0x2
 185 0050 08       		.byte	0x8
 186 0051 05       		.byte	0x5
 187 0052 5B010000 		.4byte	.LASF6
 188 0056 02       		.uleb128 0x2
 189 0057 08       		.byte	0x8
 190 0058 07       		.byte	0x7
 191 0059 30010000 		.4byte	.LASF7
 192 005d 03       		.uleb128 0x3
 193 005e 04       		.byte	0x4
 194 005f 05       		.byte	0x5
 195 0060 696E7400 		.ascii	"int\000"
 196 0064 02       		.uleb128 0x2
 197 0065 04       		.byte	0x4
 198 0066 07       		.byte	0x7
 199 0067 23010000 		.4byte	.LASF8
 200 006b 04       		.uleb128 0x4
 201 006c F6000000 		.4byte	.LASF9
 202 0070 02       		.byte	0x2
 203 0071 B901     		.2byte	0x1b9
 204 0073 2C000000 		.4byte	0x2c
 205 0077 04       		.uleb128 0x4
 206 0078 03010000 		.4byte	.LASF10
 207 007c 02       		.byte	0x2
 208 007d BA01     		.2byte	0x1ba
 209 007f 3A000000 		.4byte	0x3a
 210 0083 02       		.uleb128 0x2
 211 0084 04       		.byte	0x4
 212 0085 04       		.byte	0x4
 213 0086 BB000000 		.4byte	.LASF11
 214 008a 02       		.uleb128 0x2
 215 008b 08       		.byte	0x8
 216 008c 04       		.byte	0x4
 217 008d FC000000 		.4byte	.LASF12
 218 0091 02       		.uleb128 0x2
 219 0092 01       		.byte	0x1
 220 0093 08       		.byte	0x8
 221 0094 28020000 		.4byte	.LASF13
 222 0098 04       		.uleb128 0x4
 223 0099 CF000000 		.4byte	.LASF14
 224 009d 02       		.byte	0x2
 225 009e 6302     		.2byte	0x263
 226 00a0 A4000000 		.4byte	0xa4
 227 00a4 05       		.uleb128 0x5
 228 00a5 6B000000 		.4byte	0x6b
 229 00a9 02       		.uleb128 0x2
 230 00aa 04       		.byte	0x4
 231 00ab 07       		.byte	0x7
 232 00ac 52010000 		.4byte	.LASF15
 233 00b0 06       		.uleb128 0x6
 234 00b1 01       		.byte	0x1
 235 00b2 03       		.byte	0x3
 236 00b3 2E       		.byte	0x2e
 237 00b4 C5000000 		.4byte	0xc5
 238 00b8 07       		.uleb128 0x7
 239 00b9 0A010000 		.4byte	.LASF27
 240 00bd 03       		.byte	0x3
ARM GAS  C:\Users\Feiyang\AppData\Local\Temp\ccCV88WC.s 			page 8


 241 00be 30       		.byte	0x30
 242 00bf 6B000000 		.4byte	0x6b
 243 00c3 00       		.byte	0
 244 00c4 00       		.byte	0
 245 00c5 08       		.uleb128 0x8
 246 00c6 00000000 		.4byte	.LASF16
 247 00ca 03       		.byte	0x3
 248 00cb 40       		.byte	0x40
 249 00cc B0000000 		.4byte	0xb0
 250 00d0 09       		.uleb128 0x9
 251 00d1 69010000 		.4byte	.LASF28
 252 00d5 01       		.byte	0x1
 253 00d6 26       		.byte	0x26
 254 00d7 00000000 		.4byte	.LFB0
 255 00db 02000000 		.4byte	.LFE0-.LFB0
 256 00df 01       		.uleb128 0x1
 257 00e0 9C       		.byte	0x9c
 258 00e1 0A       		.uleb128 0xa
 259 00e2 14000000 		.4byte	.LASF17
 260 00e6 01       		.byte	0x1
 261 00e7 49       		.byte	0x49
 262 00e8 00000000 		.4byte	.LFB1
 263 00ec 28000000 		.4byte	.LFE1-.LFB1
 264 00f0 01       		.uleb128 0x1
 265 00f1 9C       		.byte	0x9c
 266 00f2 00010000 		.4byte	0x100
 267 00f6 0B       		.uleb128 0xb
 268 00f7 14000000 		.4byte	.LVL0
 269 00fb 6B010000 		.4byte	0x16b
 270 00ff 00       		.byte	0
 271 0100 0A       		.uleb128 0xa
 272 0101 85000000 		.4byte	.LASF18
 273 0105 01       		.byte	0x1
 274 0106 68       		.byte	0x68
 275 0107 00000000 		.4byte	.LFB2
 276 010b 10000000 		.4byte	.LFE2-.LFB2
 277 010f 01       		.uleb128 0x1
 278 0110 9C       		.byte	0x9c
 279 0111 38010000 		.4byte	0x138
 280 0115 0C       		.uleb128 0xc
 281 0116 08000000 		.4byte	.LVL1
 282 011a 72010000 		.4byte	0x172
 283 011e 28010000 		.4byte	0x128
 284 0122 0D       		.uleb128 0xd
 285 0123 01       		.uleb128 0x1
 286 0124 50       		.byte	0x50
 287 0125 01       		.uleb128 0x1
 288 0126 30       		.byte	0x30
 289 0127 00       		.byte	0
 290 0128 0E       		.uleb128 0xe
 291 0129 0E000000 		.4byte	.LVL2
 292 012d 83010000 		.4byte	0x183
 293 0131 0D       		.uleb128 0xd
 294 0132 01       		.uleb128 0x1
 295 0133 50       		.byte	0x50
 296 0134 01       		.uleb128 0x1
 297 0135 30       		.byte	0x30
ARM GAS  C:\Users\Feiyang\AppData\Local\Temp\ccCV88WC.s 			page 9


 298 0136 00       		.byte	0
 299 0137 00       		.byte	0
 300 0138 0A       		.uleb128 0xa
 301 0139 7A010000 		.4byte	.LASF19
 302 013d 01       		.byte	0x1
 303 013e 96       		.byte	0x96
 304 013f 00000000 		.4byte	.LFB3
 305 0143 18000000 		.4byte	.LFE3-.LFB3
 306 0147 01       		.uleb128 0x1
 307 0148 9C       		.byte	0x9c
 308 0149 60010000 		.4byte	0x160
 309 014d 0B       		.uleb128 0xb
 310 014e 06000000 		.4byte	.LVL3
 311 0152 00010000 		.4byte	0x100
 312 0156 0B       		.uleb128 0xb
 313 0157 12000000 		.4byte	.LVL4
 314 015b 94010000 		.4byte	0x194
 315 015f 00       		.byte	0
 316 0160 0F       		.uleb128 0xf
 317 0161 16010000 		.4byte	.LASF29
 318 0165 03       		.byte	0x3
 319 0166 44       		.byte	0x44
 320 0167 C5000000 		.4byte	0xc5
 321 016b 10       		.uleb128 0x10
 322 016c 47010000 		.4byte	.LASF22
 323 0170 03       		.byte	0x3
 324 0171 4E       		.byte	0x4e
 325 0172 11       		.uleb128 0x11
 326 0173 D4000000 		.4byte	.LASF20
 327 0177 03       		.byte	0x3
 328 0178 56       		.byte	0x56
 329 0179 83010000 		.4byte	0x183
 330 017d 12       		.uleb128 0x12
 331 017e 77000000 		.4byte	0x77
 332 0182 00       		.byte	0
 333 0183 11       		.uleb128 0x11
 334 0184 20000000 		.4byte	.LASF21
 335 0188 03       		.byte	0x3
 336 0189 6B       		.byte	0x6b
 337 018a 94010000 		.4byte	0x194
 338 018e 12       		.uleb128 0x12
 339 018f 77000000 		.4byte	0x77
 340 0193 00       		.byte	0
 341 0194 10       		.uleb128 0x10
 342 0195 78000000 		.4byte	.LASF23
 343 0199 03       		.byte	0x3
 344 019a 4C       		.byte	0x4c
 345 019b 00       		.byte	0
 346              		.section	.debug_abbrev,"",%progbits
 347              	.Ldebug_abbrev0:
 348 0000 01       		.uleb128 0x1
 349 0001 11       		.uleb128 0x11
 350 0002 01       		.byte	0x1
 351 0003 25       		.uleb128 0x25
 352 0004 0E       		.uleb128 0xe
 353 0005 13       		.uleb128 0x13
 354 0006 0B       		.uleb128 0xb
ARM GAS  C:\Users\Feiyang\AppData\Local\Temp\ccCV88WC.s 			page 10


 355 0007 03       		.uleb128 0x3
 356 0008 0E       		.uleb128 0xe
 357 0009 1B       		.uleb128 0x1b
 358 000a 0E       		.uleb128 0xe
 359 000b 55       		.uleb128 0x55
 360 000c 17       		.uleb128 0x17
 361 000d 11       		.uleb128 0x11
 362 000e 01       		.uleb128 0x1
 363 000f 10       		.uleb128 0x10
 364 0010 17       		.uleb128 0x17
 365 0011 00       		.byte	0
 366 0012 00       		.byte	0
 367 0013 02       		.uleb128 0x2
 368 0014 24       		.uleb128 0x24
 369 0015 00       		.byte	0
 370 0016 0B       		.uleb128 0xb
 371 0017 0B       		.uleb128 0xb
 372 0018 3E       		.uleb128 0x3e
 373 0019 0B       		.uleb128 0xb
 374 001a 03       		.uleb128 0x3
 375 001b 0E       		.uleb128 0xe
 376 001c 00       		.byte	0
 377 001d 00       		.byte	0
 378 001e 03       		.uleb128 0x3
 379 001f 24       		.uleb128 0x24
 380 0020 00       		.byte	0
 381 0021 0B       		.uleb128 0xb
 382 0022 0B       		.uleb128 0xb
 383 0023 3E       		.uleb128 0x3e
 384 0024 0B       		.uleb128 0xb
 385 0025 03       		.uleb128 0x3
 386 0026 08       		.uleb128 0x8
 387 0027 00       		.byte	0
 388 0028 00       		.byte	0
 389 0029 04       		.uleb128 0x4
 390 002a 16       		.uleb128 0x16
 391 002b 00       		.byte	0
 392 002c 03       		.uleb128 0x3
 393 002d 0E       		.uleb128 0xe
 394 002e 3A       		.uleb128 0x3a
 395 002f 0B       		.uleb128 0xb
 396 0030 3B       		.uleb128 0x3b
 397 0031 05       		.uleb128 0x5
 398 0032 49       		.uleb128 0x49
 399 0033 13       		.uleb128 0x13
 400 0034 00       		.byte	0
 401 0035 00       		.byte	0
 402 0036 05       		.uleb128 0x5
 403 0037 35       		.uleb128 0x35
 404 0038 00       		.byte	0
 405 0039 49       		.uleb128 0x49
 406 003a 13       		.uleb128 0x13
 407 003b 00       		.byte	0
 408 003c 00       		.byte	0
 409 003d 06       		.uleb128 0x6
 410 003e 13       		.uleb128 0x13
 411 003f 01       		.byte	0x1
ARM GAS  C:\Users\Feiyang\AppData\Local\Temp\ccCV88WC.s 			page 11


 412 0040 0B       		.uleb128 0xb
 413 0041 0B       		.uleb128 0xb
 414 0042 3A       		.uleb128 0x3a
 415 0043 0B       		.uleb128 0xb
 416 0044 3B       		.uleb128 0x3b
 417 0045 0B       		.uleb128 0xb
 418 0046 01       		.uleb128 0x1
 419 0047 13       		.uleb128 0x13
 420 0048 00       		.byte	0
 421 0049 00       		.byte	0
 422 004a 07       		.uleb128 0x7
 423 004b 0D       		.uleb128 0xd
 424 004c 00       		.byte	0
 425 004d 03       		.uleb128 0x3
 426 004e 0E       		.uleb128 0xe
 427 004f 3A       		.uleb128 0x3a
 428 0050 0B       		.uleb128 0xb
 429 0051 3B       		.uleb128 0x3b
 430 0052 0B       		.uleb128 0xb
 431 0053 49       		.uleb128 0x49
 432 0054 13       		.uleb128 0x13
 433 0055 38       		.uleb128 0x38
 434 0056 0B       		.uleb128 0xb
 435 0057 00       		.byte	0
 436 0058 00       		.byte	0
 437 0059 08       		.uleb128 0x8
 438 005a 16       		.uleb128 0x16
 439 005b 00       		.byte	0
 440 005c 03       		.uleb128 0x3
 441 005d 0E       		.uleb128 0xe
 442 005e 3A       		.uleb128 0x3a
 443 005f 0B       		.uleb128 0xb
 444 0060 3B       		.uleb128 0x3b
 445 0061 0B       		.uleb128 0xb
 446 0062 49       		.uleb128 0x49
 447 0063 13       		.uleb128 0x13
 448 0064 00       		.byte	0
 449 0065 00       		.byte	0
 450 0066 09       		.uleb128 0x9
 451 0067 2E       		.uleb128 0x2e
 452 0068 00       		.byte	0
 453 0069 3F       		.uleb128 0x3f
 454 006a 19       		.uleb128 0x19
 455 006b 03       		.uleb128 0x3
 456 006c 0E       		.uleb128 0xe
 457 006d 3A       		.uleb128 0x3a
 458 006e 0B       		.uleb128 0xb
 459 006f 3B       		.uleb128 0x3b
 460 0070 0B       		.uleb128 0xb
 461 0071 27       		.uleb128 0x27
 462 0072 19       		.uleb128 0x19
 463 0073 11       		.uleb128 0x11
 464 0074 01       		.uleb128 0x1
 465 0075 12       		.uleb128 0x12
 466 0076 06       		.uleb128 0x6
 467 0077 40       		.uleb128 0x40
 468 0078 18       		.uleb128 0x18
ARM GAS  C:\Users\Feiyang\AppData\Local\Temp\ccCV88WC.s 			page 12


 469 0079 9742     		.uleb128 0x2117
 470 007b 19       		.uleb128 0x19
 471 007c 00       		.byte	0
 472 007d 00       		.byte	0
 473 007e 0A       		.uleb128 0xa
 474 007f 2E       		.uleb128 0x2e
 475 0080 01       		.byte	0x1
 476 0081 3F       		.uleb128 0x3f
 477 0082 19       		.uleb128 0x19
 478 0083 03       		.uleb128 0x3
 479 0084 0E       		.uleb128 0xe
 480 0085 3A       		.uleb128 0x3a
 481 0086 0B       		.uleb128 0xb
 482 0087 3B       		.uleb128 0x3b
 483 0088 0B       		.uleb128 0xb
 484 0089 27       		.uleb128 0x27
 485 008a 19       		.uleb128 0x19
 486 008b 11       		.uleb128 0x11
 487 008c 01       		.uleb128 0x1
 488 008d 12       		.uleb128 0x12
 489 008e 06       		.uleb128 0x6
 490 008f 40       		.uleb128 0x40
 491 0090 18       		.uleb128 0x18
 492 0091 9742     		.uleb128 0x2117
 493 0093 19       		.uleb128 0x19
 494 0094 01       		.uleb128 0x1
 495 0095 13       		.uleb128 0x13
 496 0096 00       		.byte	0
 497 0097 00       		.byte	0
 498 0098 0B       		.uleb128 0xb
 499 0099 898201   		.uleb128 0x4109
 500 009c 00       		.byte	0
 501 009d 11       		.uleb128 0x11
 502 009e 01       		.uleb128 0x1
 503 009f 31       		.uleb128 0x31
 504 00a0 13       		.uleb128 0x13
 505 00a1 00       		.byte	0
 506 00a2 00       		.byte	0
 507 00a3 0C       		.uleb128 0xc
 508 00a4 898201   		.uleb128 0x4109
 509 00a7 01       		.byte	0x1
 510 00a8 11       		.uleb128 0x11
 511 00a9 01       		.uleb128 0x1
 512 00aa 31       		.uleb128 0x31
 513 00ab 13       		.uleb128 0x13
 514 00ac 01       		.uleb128 0x1
 515 00ad 13       		.uleb128 0x13
 516 00ae 00       		.byte	0
 517 00af 00       		.byte	0
 518 00b0 0D       		.uleb128 0xd
 519 00b1 8A8201   		.uleb128 0x410a
 520 00b4 00       		.byte	0
 521 00b5 02       		.uleb128 0x2
 522 00b6 18       		.uleb128 0x18
 523 00b7 9142     		.uleb128 0x2111
 524 00b9 18       		.uleb128 0x18
 525 00ba 00       		.byte	0
ARM GAS  C:\Users\Feiyang\AppData\Local\Temp\ccCV88WC.s 			page 13


 526 00bb 00       		.byte	0
 527 00bc 0E       		.uleb128 0xe
 528 00bd 898201   		.uleb128 0x4109
 529 00c0 01       		.byte	0x1
 530 00c1 11       		.uleb128 0x11
 531 00c2 01       		.uleb128 0x1
 532 00c3 31       		.uleb128 0x31
 533 00c4 13       		.uleb128 0x13
 534 00c5 00       		.byte	0
 535 00c6 00       		.byte	0
 536 00c7 0F       		.uleb128 0xf
 537 00c8 34       		.uleb128 0x34
 538 00c9 00       		.byte	0
 539 00ca 03       		.uleb128 0x3
 540 00cb 0E       		.uleb128 0xe
 541 00cc 3A       		.uleb128 0x3a
 542 00cd 0B       		.uleb128 0xb
 543 00ce 3B       		.uleb128 0x3b
 544 00cf 0B       		.uleb128 0xb
 545 00d0 49       		.uleb128 0x49
 546 00d1 13       		.uleb128 0x13
 547 00d2 3F       		.uleb128 0x3f
 548 00d3 19       		.uleb128 0x19
 549 00d4 3C       		.uleb128 0x3c
 550 00d5 19       		.uleb128 0x19
 551 00d6 00       		.byte	0
 552 00d7 00       		.byte	0
 553 00d8 10       		.uleb128 0x10
 554 00d9 2E       		.uleb128 0x2e
 555 00da 00       		.byte	0
 556 00db 3F       		.uleb128 0x3f
 557 00dc 19       		.uleb128 0x19
 558 00dd 03       		.uleb128 0x3
 559 00de 0E       		.uleb128 0xe
 560 00df 3A       		.uleb128 0x3a
 561 00e0 0B       		.uleb128 0xb
 562 00e1 3B       		.uleb128 0x3b
 563 00e2 0B       		.uleb128 0xb
 564 00e3 27       		.uleb128 0x27
 565 00e4 19       		.uleb128 0x19
 566 00e5 3C       		.uleb128 0x3c
 567 00e6 19       		.uleb128 0x19
 568 00e7 00       		.byte	0
 569 00e8 00       		.byte	0
 570 00e9 11       		.uleb128 0x11
 571 00ea 2E       		.uleb128 0x2e
 572 00eb 01       		.byte	0x1
 573 00ec 3F       		.uleb128 0x3f
 574 00ed 19       		.uleb128 0x19
 575 00ee 03       		.uleb128 0x3
 576 00ef 0E       		.uleb128 0xe
 577 00f0 3A       		.uleb128 0x3a
 578 00f1 0B       		.uleb128 0xb
 579 00f2 3B       		.uleb128 0x3b
 580 00f3 0B       		.uleb128 0xb
 581 00f4 27       		.uleb128 0x27
 582 00f5 19       		.uleb128 0x19
ARM GAS  C:\Users\Feiyang\AppData\Local\Temp\ccCV88WC.s 			page 14


 583 00f6 3C       		.uleb128 0x3c
 584 00f7 19       		.uleb128 0x19
 585 00f8 01       		.uleb128 0x1
 586 00f9 13       		.uleb128 0x13
 587 00fa 00       		.byte	0
 588 00fb 00       		.byte	0
 589 00fc 12       		.uleb128 0x12
 590 00fd 05       		.uleb128 0x5
 591 00fe 00       		.byte	0
 592 00ff 49       		.uleb128 0x49
 593 0100 13       		.uleb128 0x13
 594 0101 00       		.byte	0
 595 0102 00       		.byte	0
 596 0103 00       		.byte	0
 597              		.section	.debug_aranges,"",%progbits
 598 0000 34000000 		.4byte	0x34
 599 0004 0200     		.2byte	0x2
 600 0006 00000000 		.4byte	.Ldebug_info0
 601 000a 04       		.byte	0x4
 602 000b 00       		.byte	0
 603 000c 0000     		.2byte	0
 604 000e 0000     		.2byte	0
 605 0010 00000000 		.4byte	.LFB0
 606 0014 02000000 		.4byte	.LFE0-.LFB0
 607 0018 00000000 		.4byte	.LFB1
 608 001c 28000000 		.4byte	.LFE1-.LFB1
 609 0020 00000000 		.4byte	.LFB2
 610 0024 10000000 		.4byte	.LFE2-.LFB2
 611 0028 00000000 		.4byte	.LFB3
 612 002c 18000000 		.4byte	.LFE3-.LFB3
 613 0030 00000000 		.4byte	0
 614 0034 00000000 		.4byte	0
 615              		.section	.debug_ranges,"",%progbits
 616              	.Ldebug_ranges0:
 617 0000 00000000 		.4byte	.LFB0
 618 0004 02000000 		.4byte	.LFE0
 619 0008 00000000 		.4byte	.LFB1
 620 000c 28000000 		.4byte	.LFE1
 621 0010 00000000 		.4byte	.LFB2
 622 0014 10000000 		.4byte	.LFE2
 623 0018 00000000 		.4byte	.LFB3
 624 001c 18000000 		.4byte	.LFE3
 625 0020 00000000 		.4byte	0
 626 0024 00000000 		.4byte	0
 627              		.section	.debug_line,"",%progbits
 628              	.Ldebug_line0:
 629 0000 A6000000 		.section	.debug_str,"MS",%progbits,1
 629      02005000 
 629      00000201 
 629      FB0E0D00 
 629      01010101 
 630              	.LASF16:
 631 0000 4352435F 		.ascii	"CRC_1_BACKUP_STRUCT\000"
 631      315F4241 
 631      434B5550 
 631      5F535452 
 631      55435400 
ARM GAS  C:\Users\Feiyang\AppData\Local\Temp\ccCV88WC.s 			page 15


 632              	.LASF17:
 633 0014 4352435F 		.ascii	"CRC_1_Sleep\000"
 633      315F536C 
 633      65657000 
 634              	.LASF21:
 635 0020 4352435F 		.ascii	"CRC_1_ResetSeedInit\000"
 635      315F5265 
 635      73657453 
 635      65656449 
 635      6E697400 
 636              	.LASF26:
 637 0034 443A5C77 		.ascii	"D:\\workspace_SeniorDeisgn\\PSoC\\SD1\\TestCRC.cyds"
 637      6F726B73 
 637      70616365 
 637      5F53656E 
 637      696F7244 
 638 0063 6E00     		.ascii	"n\000"
 639              	.LASF3:
 640 0065 73686F72 		.ascii	"short unsigned int\000"
 640      7420756E 
 640      7369676E 
 640      65642069 
 640      6E7400
 641              	.LASF23:
 642 0078 4352435F 		.ascii	"CRC_1_Enable\000"
 642      315F456E 
 642      61626C65 
 642      00
 643              	.LASF18:
 644 0085 4352435F 		.ascii	"CRC_1_RestoreConfig\000"
 644      315F5265 
 644      73746F72 
 644      65436F6E 
 644      66696700 
 645              	.LASF25:
 646 0099 47656E65 		.ascii	"Generated_Source\\PSoC4\\CRC_1_PM.c\000"
 646      72617465 
 646      645F536F 
 646      75726365 
 646      5C50536F 
 647              	.LASF11:
 648 00bb 666C6F61 		.ascii	"float\000"
 648      7400
 649              	.LASF1:
 650 00c1 756E7369 		.ascii	"unsigned char\000"
 650      676E6564 
 650      20636861 
 650      7200
 651              	.LASF14:
 652 00cf 72656738 		.ascii	"reg8\000"
 652      00
 653              	.LASF20:
 654 00d4 4352435F 		.ascii	"CRC_1_WriteSeed\000"
 654      315F5772 
 654      69746553 
 654      65656400 
 655              	.LASF5:
ARM GAS  C:\Users\Feiyang\AppData\Local\Temp\ccCV88WC.s 			page 16


 656 00e4 6C6F6E67 		.ascii	"long unsigned int\000"
 656      20756E73 
 656      69676E65 
 656      6420696E 
 656      7400
 657              	.LASF9:
 658 00f6 75696E74 		.ascii	"uint8\000"
 658      3800
 659              	.LASF12:
 660 00fc 646F7562 		.ascii	"double\000"
 660      6C6500
 661              	.LASF10:
 662 0103 75696E74 		.ascii	"uint16\000"
 662      313600
 663              	.LASF27:
 664 010a 656E6162 		.ascii	"enableState\000"
 664      6C655374 
 664      61746500 
 665              	.LASF29:
 666 0116 4352435F 		.ascii	"CRC_1_backup\000"
 666      315F6261 
 666      636B7570 
 666      00
 667              	.LASF8:
 668 0123 756E7369 		.ascii	"unsigned int\000"
 668      676E6564 
 668      20696E74 
 668      00
 669              	.LASF7:
 670 0130 6C6F6E67 		.ascii	"long long unsigned int\000"
 670      206C6F6E 
 670      6720756E 
 670      7369676E 
 670      65642069 
 671              	.LASF22:
 672 0147 4352435F 		.ascii	"CRC_1_Stop\000"
 672      315F5374 
 672      6F7000
 673              	.LASF15:
 674 0152 73697A65 		.ascii	"sizetype\000"
 674      74797065 
 674      00
 675              	.LASF6:
 676 015b 6C6F6E67 		.ascii	"long long int\000"
 676      206C6F6E 
 676      6720696E 
 676      7400
 677              	.LASF28:
 678 0169 4352435F 		.ascii	"CRC_1_SaveConfig\000"
 678      315F5361 
 678      7665436F 
 678      6E666967 
 678      00
 679              	.LASF19:
 680 017a 4352435F 		.ascii	"CRC_1_Wakeup\000"
 680      315F5761 
 680      6B657570 
ARM GAS  C:\Users\Feiyang\AppData\Local\Temp\ccCV88WC.s 			page 17


 680      00
 681              	.LASF24:
 682 0187 474E5520 		.ascii	"GNU C 4.9.3 20150303 (release) [ARM/embedded-4_9-br"
 682      4320342E 
 682      392E3320 
 682      32303135 
 682      30333033 
 683 01ba 616E6368 		.ascii	"anch revision 221220] -mcpu=cortex-m0 -mthumb -g -O"
 683      20726576 
 683      6973696F 
 683      6E203232 
 683      31323230 
 684 01ed 67202D66 		.ascii	"g -ffunction-sections -ffat-lto-objects\000"
 684      66756E63 
 684      74696F6E 
 684      2D736563 
 684      74696F6E 
 685              	.LASF2:
 686 0215 73686F72 		.ascii	"short int\000"
 686      7420696E 
 686      7400
 687              	.LASF4:
 688 021f 6C6F6E67 		.ascii	"long int\000"
 688      20696E74 
 688      00
 689              	.LASF13:
 690 0228 63686172 		.ascii	"char\000"
 690      00
 691              	.LASF0:
 692 022d 7369676E 		.ascii	"signed char\000"
 692      65642063 
 692      68617200 
 693              		.ident	"GCC: (GNU Tools for ARM Embedded Processors) 4.9.3 20150303 (release) [ARM/embedded-4_9-br
